

================================================================
== Vivado HLS Report for 'fft_top'
================================================================
* Date:           Sun Apr 26 15:38:31 2020

* Version:        2019.2 (Build 2704478 on Wed Nov 06 22:10:23 MST 2019)
* Project:        fft
* Solution:       solution1
* Product family: artix7
* Target device:  xc7a35t-cpg236-1


================================================================
== Performance Estimates
================================================================
+ Timing: 
    * Summary: 
    +--------+----------+----------+------------+
    |  Clock |  Target  | Estimated| Uncertainty|
    +--------+----------+----------+------------+
    |ap_clk  | 10.00 ns | 8.750 ns |   1.25 ns  |
    +--------+----------+----------+------------+

+ Latency: 
    * Summary: 
    +---------+---------+-----------+-----------+------+------+----------+
    |  Latency (cycles) |   Latency (absolute)  |   Interval  | Pipeline |
    |   min   |   max   |    min    |    max    |  min |  max |   Type   |
    +---------+---------+-----------+-----------+------+------+----------+
    |     3195|     3195| 31.950 us | 31.950 us |  3196|  3196| dataflow |
    +---------+---------+-----------+-----------+------+------+----------+

    + Detail: 
        * Instance: 
        +------------------+---------------+---------+---------+-----------+-----------+------+------+---------+
        |                  |               |  Latency (cycles) |   Latency (absolute)  |   Interval  | Pipeline|
        |     Instance     |     Module    |   min   |   max   |    min    |    max    |  min |  max |   Type  |
        +------------------+---------------+---------+---------+-----------+-----------+------+------+---------+
        |dummy_proc_be_U0  |dummy_proc_be  |     1039|     1039| 10.390 us | 10.390 us |  1039|  1039|   none  |
        |dummy_proc_fe_U0  |dummy_proc_fe  |     1026|     1026| 10.260 us | 10.260 us |  1026|  1026|   none  |
        |fft_config1_U0    |fft_config1_s  |     3195|     3195| 31.950 us | 31.950 us |  3195|  3195|   none  |
        +------------------+---------------+---------+---------+-----------+-----------+------+------+---------+

        * Loop: 
        N/A



================================================================
== Utilization Estimates
================================================================
* Summary: 
+-----------------+---------+-------+-------+-------+-----+
|       Name      | BRAM_18K| DSP48E|   FF  |  LUT  | URAM|
+-----------------+---------+-------+-------+-------+-----+
|DSP              |        -|      -|      -|      -|    -|
|Expression       |        -|      -|      0|      4|    -|
|FIFO             |        4|      -|    137|    216|    -|
|Instance         |        3|     20|  11476|  10455|    -|
|Memory           |        -|      -|      -|      -|    -|
|Multiplexer      |        -|      -|      -|      -|    -|
|Register         |        -|      -|      -|      -|    -|
+-----------------+---------+-------+-------+-------+-----+
|Total            |        7|     20|  11613|  10675|    0|
+-----------------+---------+-------+-------+-------+-----+
|Available        |      100|     90|  41600|  20800|    0|
+-----------------+---------+-------+-------+-------+-----+
|Utilization (%)  |        7|     22|     27|     51|    0|
+-----------------+---------+-------+-------+-------+-----+

+ Detail: 
    * Instance: 
    +------------------+---------------+---------+-------+------+------+-----+
    |     Instance     |     Module    | BRAM_18K| DSP48E|  FF  |  LUT | URAM|
    +------------------+---------------+---------+-------+------+------+-----+
    |dummy_proc_be_U0  |dummy_proc_be  |        0|      8|  1574|  2489|    0|
    |dummy_proc_fe_U0  |dummy_proc_fe  |        0|      0|    19|   131|    0|
    |fft_config1_U0    |fft_config1_s  |        3|     12|  9883|  7835|    0|
    +------------------+---------------+---------+-------+------+------+-----+
    |Total             |               |        3|     20| 11476| 10455|    0|
    +------------------+---------------+---------+-------+------+------+-----+

    * DSP48E: 
    N/A

    * Memory: 
    N/A

    * FIFO: 
    +---------------------+---------+----+----+-----+------+-----+---------+
    |         Name        | BRAM_18K| FF | LUT| URAM| Depth| Bits| Size:D*B|
    +---------------------+---------+----+----+-----+------+-----+---------+
    |fft_config_data_V_U  |        0|   5|   0|    -|     2|   16|       32|
    |xk_channel_U         |        2|  66|   0|    -|  1024|   32|    32768|
    |xn_channel_U         |        2|  66|   0|    -|  1024|   32|    32768|
    +---------------------+---------+----+----+-----+------+-----+---------+
    |Total                |        4| 137|   0|    0|  2050|   80|    65568|
    +---------------------+---------+----+----+-----+------+-----+---------+

    * Expression: 
    +-------------------------------+----------+-------+---+----+------------+------------+
    |         Variable Name         | Operation| DSP48E| FF| LUT| Bitwidth P0| Bitwidth P1|
    +-------------------------------+----------+-------+---+----+------------+------------+
    |ap_idle                        |    and   |      0|  0|   2|           1|           1|
    |dummy_proc_fe_U0_start_full_n  |    and   |      0|  0|   2|           1|           1|
    +-------------------------------+----------+-------+---+----+------------+------------+
    |Total                          |          |      0|  0|   4|           2|           2|
    +-------------------------------+----------+-------+---+----+------------+------------+

    * Multiplexer: 
    N/A

    * Register: 
    N/A



================================================================
== Interface
================================================================
* Summary: 
+--------------+-----+-----+------------+--------------+--------------+
|   RTL Ports  | Dir | Bits|  Protocol  | Source Object|    C Type    |
+--------------+-----+-----+------------+--------------+--------------+
|in_r_dout     |  in |   32|   ap_fifo  |     in_r     |    pointer   |
|in_r_empty_n  |  in |    1|   ap_fifo  |     in_r     |    pointer   |
|in_r_read     | out |    1|   ap_fifo  |     in_r     |    pointer   |
|out_r_din     | out |   32|   ap_fifo  |     out_r    |    pointer   |
|out_r_full_n  |  in |    1|   ap_fifo  |     out_r    |    pointer   |
|out_r_write   | out |    1|   ap_fifo  |     out_r    |    pointer   |
|ap_clk        |  in |    1| ap_ctrl_hs |    fft_top   | return value |
|ap_rst        |  in |    1| ap_ctrl_hs |    fft_top   | return value |
|ap_start      |  in |    1| ap_ctrl_hs |    fft_top   | return value |
|ap_done       | out |    1| ap_ctrl_hs |    fft_top   | return value |
|ap_ready      | out |    1| ap_ctrl_hs |    fft_top   | return value |
|ap_idle       | out |    1| ap_ctrl_hs |    fft_top   | return value |
+--------------+-----+-----+------------+--------------+--------------+

