

================================================================
== Vivado HLS Report for 'act_fun'
================================================================
* Date:           Sun Apr 26 18:52:15 2020

* Version:        2019.2 (Build 2704478 on Wed Nov 06 22:10:23 MST 2019)
* Project:        neural_net_HLS
* Solution:       solution1
* Product family: artix7
* Target device:  xc7a35t-cpg236-1


================================================================
== Performance Estimates
================================================================
+ Timing: 
    * Summary: 
    +--------+----------+----------+------------+
    |  Clock |  Target  | Estimated| Uncertainty|
    +--------+----------+----------+------------+
    |ap_clk  | 10.00 ns | 8.390 ns |   1.25 ns  |
    +--------+----------+----------+------------+

+ Latency: 
    * Summary: 
    +---------+---------+----------+----------+-----+-----+----------+
    |  Latency (cycles) |  Latency (absolute) |  Interval | Pipeline |
    |   min   |   max   |    min   |    max   | min | max |   Type   |
    +---------+---------+----------+----------+-----+-----+----------+
    |       33|       33| 0.330 us | 0.330 us |    1|    1| function |
    +---------+---------+----------+----------+-----+-----+----------+

    + Detail: 
        * Instance: 
        N/A

        * Loop: 
        N/A



================================================================
== Utilization Estimates
================================================================
* Summary: 
+-----------------+---------+-------+-------+-------+-----+
|       Name      | BRAM_18K| DSP48E|   FF  |  LUT  | URAM|
+-----------------+---------+-------+-------+-------+-----+
|DSP              |        -|      -|      -|      -|    -|
|Expression       |        -|      -|      0|    147|    -|
|FIFO             |        -|      -|      -|      -|    -|
|Instance         |        -|     39|   2655|   2856|    -|
|Memory           |        -|      -|      -|      -|    -|
|Multiplexer      |        -|      -|      -|     24|    -|
|Register         |        2|      -|    907|    194|    -|
+-----------------+---------+-------+-------+-------+-----+
|Total            |        2|     39|   3562|   3221|    0|
+-----------------+---------+-------+-------+-------+-----+
|Available        |      100|     90|  41600|  20800|    0|
+-----------------+---------+-------+-------+-------+-----+
|Utilization (%)  |        2|     43|      8|     15|    0|
+-----------------+---------+-------+-------+-------+-----+

+ Detail: 
    * Instance: 
    +--------------------------+----------------------+---------+-------+-----+-----+-----+
    |         Instance         |        Module        | BRAM_18K| DSP48E|  FF | LUT | URAM|
    +--------------------------+----------------------+---------+-------+-----+-----+-----+
    |kernel_dadd_64ns_eOg_U9   |kernel_dadd_64ns_eOg  |        0|      3|  509|  817|    0|
    |kernel_dmul_64ns_g8j_U11  |kernel_dmul_64ns_g8j  |        0|     11|  317|  204|    0|
    |kernel_dmul_64ns_g8j_U12  |kernel_dmul_64ns_g8j  |        0|     11|  317|  204|    0|
    |kernel_dmul_64ns_g8j_U13  |kernel_dmul_64ns_g8j  |        0|     11|  317|  204|    0|
    |kernel_dsub_64ns_fYi_U10  |kernel_dsub_64ns_fYi  |        0|      3|  509|  817|    0|
    |kernel_fcmp_32ns_dEe_U4   |kernel_fcmp_32ns_dEe  |        0|      0|   66|   70|    0|
    |kernel_fcmp_32ns_dEe_U5   |kernel_fcmp_32ns_dEe  |        0|      0|   66|   70|    0|
    |kernel_fcmp_32ns_dEe_U6   |kernel_fcmp_32ns_dEe  |        0|      0|   66|   70|    0|
    |kernel_fcmp_32ns_dEe_U7   |kernel_fcmp_32ns_dEe  |        0|      0|   66|   70|    0|
    |kernel_fcmp_32ns_dEe_U8   |kernel_fcmp_32ns_dEe  |        0|      0|   66|   70|    0|
    |kernel_fpext_32nscud_U3   |kernel_fpext_32nscud  |        0|      0|  100|   54|    0|
    |kernel_fptrunc_64bkb_U1   |kernel_fptrunc_64bkb  |        0|      0|  128|  103|    0|
    |kernel_fptrunc_64bkb_U2   |kernel_fptrunc_64bkb  |        0|      0|  128|  103|    0|
    +--------------------------+----------------------+---------+-------+-----+-----+-----+
    |Total                     |                      |        0|     39| 2655| 2856|    0|
    +--------------------------+----------------------+---------+-------+-----+-----+-----+

    * DSP48E: 
    N/A

    * Memory: 
    N/A

    * FIFO: 
    N/A

    * Expression: 
    +-----------------------+----------+-------+---+----+------------+------------+
    |     Variable Name     | Operation| DSP48E| FF| LUT| Bitwidth P0| Bitwidth P1|
    +-----------------------+----------+-------+---+----+------------+------------+
    |and_ln10_1_fu_184_p2   |    and   |      0|  0|   2|           1|           1|
    |and_ln10_2_fu_190_p2   |    and   |      0|  0|   2|           1|           1|
    |and_ln10_3_fu_196_p2   |    and   |      0|  0|   2|           1|           1|
    |and_ln10_fu_179_p2     |    and   |      0|  0|   2|           1|           1|
    |and_ln6_fu_151_p2      |    and   |      0|  0|   2|           1|           1|
    |and_ln8_1_fu_167_p2    |    and   |      0|  0|   2|           1|           1|
    |and_ln8_2_fu_202_p2    |    and   |      0|  0|   2|           1|           1|
    |and_ln8_fu_162_p2      |    and   |      0|  0|   2|           1|           1|
    |icmp_ln6_1_fu_139_p2   |   icmp   |      0|  0|  18|          23|           1|
    |icmp_ln6_fu_133_p2     |   icmp   |      0|  0|  11|           8|           2|
    |or_ln6_fu_145_p2       |    or    |      0|  0|   2|           1|           1|
    |select_ln10_fu_213_p3  |  select  |      0|  0|  32|           1|          32|
    |select_ln6_fu_220_p3   |  select  |      0|  0|  32|           1|           1|
    |select_ln8_fu_206_p3   |  select  |      0|  0|  32|           1|          32|
    |xor_ln6_fu_157_p2      |    xor   |      0|  0|   2|           2|           1|
    |xor_ln8_fu_173_p2      |    xor   |      0|  0|   2|           2|           1|
    +-----------------------+----------+-------+---+----+------------+------------+
    |Total                  |          |      0|  0| 147|          47|          79|
    +-----------------------+----------+-------+---+----+------------+------------+

    * Multiplexer: 
    +--------------+----+-----------+-----+-----------+
    |     Name     | LUT| Input Size| Bits| Total Bits|
    +--------------+----+-----------+-----+-----------+
    |ap_return     |   9|          2|   32|         64|
    |grp_fu_74_p1  |  15|          3|   64|        192|
    +--------------+----+-----------+-----+-----------+
    |Total         |  24|          5|   96|        256|
    +--------------+----+-----------+-----+-----------+

    * Register: 
    +------------------------------+----+----+-----+-----------+
    |             Name             | FF | LUT| Bits| Const Bits|
    +------------------------------+----+----+-----+-----------+
    |and_ln10_3_reg_265            |   1|   0|    1|          0|
    |and_ln6_reg_244               |   1|   0|    1|          0|
    |and_ln8_1_reg_260             |   1|   0|    1|          0|
    |ap_ce_reg                     |   1|   0|    1|          0|
    |ap_return_int_reg             |  32|   0|   32|          0|
    |or_ln6_reg_238                |   1|   0|    1|          0|
    |or_ln6_reg_238_pp0_iter2_reg  |   1|   0|    1|          0|
    |reg_105                       |  64|   0|   64|          0|
    |reg_110                       |  64|   0|   64|          0|
    |reg_99                        |  64|   0|   64|          0|
    |tmp_15_reg_250                |  64|   0|   64|          0|
    |tmp_16_reg_270                |  64|   0|   64|          0|
    |tmp_23_reg_280                |  64|   0|   64|          0|
    |vec_assign_reg_275            |  32|   0|   32|          0|
    |vec_int_reg                   |  32|   0|   32|          0|
    |vec_read_reg_227              |  32|   0|   32|          0|
    |xor_ln6_reg_255               |   1|   0|    1|          0|
    |and_ln10_3_reg_265            |  64|  32|    1|          0|
    |and_ln6_reg_244               |  64|  32|    1|          0|
    |and_ln8_1_reg_260             |  64|  32|    1|          0|
    |reg_99                        |   4|   2|   64|          0|
    |vec_assign_reg_275            |  64|  32|   32|          0|
    |vec_read_reg_227              |  64|  32|   32|          0|
    |xor_ln6_reg_255               |  64|  32|    1|          0|
    +------------------------------+----+----+-----+-----------+
    |Total                         | 907| 194|  651|          0|
    +------------------------------+----+----+-----+-----------+



================================================================
== Interface
================================================================
* Summary: 
+-----------+-----+-----+------------+--------------+--------------+
| RTL Ports | Dir | Bits|  Protocol  | Source Object|    C Type    |
+-----------+-----+-----+------------+--------------+--------------+
|ap_clk     |  in |    1| ap_ctrl_hs |    act_fun   | return value |
|ap_rst     |  in |    1| ap_ctrl_hs |    act_fun   | return value |
|ap_return  | out |   32| ap_ctrl_hs |    act_fun   | return value |
|ap_ce      |  in |    1| ap_ctrl_hs |    act_fun   | return value |
|vec        |  in |   32|   ap_none  |      vec     |    scalar    |
+-----------+-----+-----+------------+--------------+--------------+

