

================================================================
== Vivado HLS Report for 'act_fun'
================================================================
* Date:           Mon May  4 11:14:29 2020

* Version:        2019.2 (Build 2704478 on Wed Nov 06 22:10:23 MST 2019)
* Project:        neural_net_HLS
* Solution:       solution1
* Product family: artix7
* Target device:  xc7a35t-cpg236-1


================================================================
== Performance Estimates
================================================================
+ Timing: 
    * Summary: 
    +--------+----------+----------+------------+
    |  Clock |  Target  | Estimated| Uncertainty|
    +--------+----------+----------+------------+
    |ap_clk  | 10.00 ns | 8.870 ns |   1.25 ns  |
    +--------+----------+----------+------------+

+ Latency: 
    * Summary: 
    +---------+---------+----------+----------+-----+-----+---------+
    |  Latency (cycles) |  Latency (absolute) |  Interval | Pipeline|
    |   min   |   max   |    min   |    max   | min | max |   Type  |
    +---------+---------+----------+----------+-----+-----+---------+
    |       35|       35| 0.350 us | 0.350 us |   35|   35|   none  |
    +---------+---------+----------+----------+-----+-----+---------+

    + Detail: 
        * Instance: 
        N/A

        * Loop: 
        N/A



================================================================
== Utilization Estimates
================================================================
* Summary: 
+-----------------+---------+-------+-------+-------+-----+
|       Name      | BRAM_18K| DSP48E|   FF  |  LUT  | URAM|
+-----------------+---------+-------+-------+-------+-----+
|DSP              |        -|      -|      -|      -|    -|
|Expression       |        -|      -|      0|    147|    -|
|FIFO             |        -|      -|      -|      -|    -|
|Instance         |        -|     14|   1318|   1458|    -|
|Memory           |        -|      -|      -|      -|    -|
|Multiplexer      |        -|      -|      -|    297|    -|
|Register         |        -|      -|    299|      -|    -|
+-----------------+---------+-------+-------+-------+-----+
|Total            |        0|     14|   1617|   1902|    0|
+-----------------+---------+-------+-------+-------+-----+
|Available        |      100|     90|  41600|  20800|    0|
+-----------------+---------+-------+-------+-------+-----+
|Utilization (%)  |        0|     15|      3|      9|    0|
+-----------------+---------+-------+-------+-------+-----+

+ Detail: 
    * Instance: 
    +--------------------------+----------------------+---------+-------+-----+-----+-----+
    |         Instance         |        Module        | BRAM_18K| DSP48E|  FF | LUT | URAM|
    +--------------------------+----------------------+---------+-------+-----+-----+-----+
    |kernel_dadddsub_6jbC_U31  |kernel_dadddsub_6jbC  |        0|      3|  509|  817|    0|
    |kernel_dmul_64ns_kbM_U32  |kernel_dmul_64ns_kbM  |        0|     11|  317|  204|    0|
    |kernel_fcmp_32ns_ibs_U27  |kernel_fcmp_32ns_ibs  |        0|      0|   66|   70|    0|
    |kernel_fcmp_32ns_ibs_U28  |kernel_fcmp_32ns_ibs  |        0|      0|   66|   70|    0|
    |kernel_fcmp_32ns_ibs_U29  |kernel_fcmp_32ns_ibs  |        0|      0|   66|   70|    0|
    |kernel_fcmp_32ns_ibs_U30  |kernel_fcmp_32ns_ibs  |        0|      0|   66|   70|    0|
    |kernel_fpext_32nsdEe_U26  |kernel_fpext_32nsdEe  |        0|      0|  100|   54|    0|
    |kernel_fptrunc_64hbi_U25  |kernel_fptrunc_64hbi  |        0|      0|  128|  103|    0|
    +--------------------------+----------------------+---------+-------+-----+-----+-----+
    |Total                     |                      |        0|     14| 1318| 1458|    0|
    +--------------------------+----------------------+---------+-------+-----+-----+-----+

    * DSP48E: 
    N/A

    * Memory: 
    N/A

    * FIFO: 
    N/A

    * Expression: 
    +-----------------------+----------+-------+---+----+------------+------------+
    |     Variable Name     | Operation| DSP48E| FF| LUT| Bitwidth P0| Bitwidth P1|
    +-----------------------+----------+-------+---+----+------------+------------+
    |and_ln10_1_fu_159_p2   |    and   |      0|  0|   2|           1|           1|
    |and_ln10_2_fu_165_p2   |    and   |      0|  0|   2|           1|           1|
    |and_ln10_3_fu_170_p2   |    and   |      0|  0|   2|           1|           1|
    |and_ln10_fu_155_p2     |    and   |      0|  0|   2|           1|           1|
    |and_ln6_fu_128_p2      |    and   |      0|  0|   2|           1|           1|
    |and_ln8_1_fu_139_p2    |    and   |      0|  0|   2|           1|           1|
    |and_ln8_2_fu_176_p2    |    and   |      0|  0|   2|           1|           1|
    |and_ln8_fu_134_p2      |    and   |      0|  0|   2|           1|           1|
    |icmp_ln6_1_fu_116_p2   |   icmp   |      0|  0|  18|          23|           1|
    |icmp_ln6_fu_110_p2     |   icmp   |      0|  0|  11|           8|           2|
    |or_ln6_fu_122_p2       |    or    |      0|  0|   2|           1|           1|
    |select_ln10_fu_187_p3  |  select  |      0|  0|  32|           1|          32|
    |select_ln6_fu_194_p3   |  select  |      0|  0|  32|           1|           1|
    |select_ln8_fu_180_p3   |  select  |      0|  0|  32|           1|          32|
    |xor_ln6_fu_145_p2      |    xor   |      0|  0|   2|           2|           1|
    |xor_ln8_fu_150_p2      |    xor   |      0|  0|   2|           2|           1|
    +-----------------------+----------+-------+---+----+------------+------------+
    |Total                  |          |      0|  0| 147|          47|          79|
    +-----------------------+----------+-------+---+----+------------+------------+

    * Multiplexer: 
    +------------------+-----+-----------+-----+-----------+
    |       Name       | LUT | Input Size| Bits| Total Bits|
    +------------------+-----+-----------+-----+-----------+
    |ap_NS_fsm         |  165|         37|    1|         37|
    |ap_return         |    9|          2|   32|         64|
    |grp_fu_38_p0      |   15|          3|   64|        192|
    |grp_fu_44_opcode  |   15|          3|    5|         15|
    |grp_fu_65_opcode  |   15|          3|    2|          6|
    |grp_fu_65_p0      |   15|          3|   64|        192|
    |grp_fu_65_p1      |   21|          4|   64|        256|
    |grp_fu_72_p0      |   21|          4|   64|        256|
    |grp_fu_72_p1      |   21|          4|   64|        256|
    +------------------+-----+-----------+-----+-----------+
    |Total             |  297|         63|  360|       1274|
    +------------------+-----+-----------+-----+-----------+

    * Register: 
    +--------------------+----+----+-----+-----------+
    |        Name        | FF | LUT| Bits| Const Bits|
    +--------------------+----+----+-----+-----------+
    |and_ln10_3_reg_249  |   1|   0|    1|          0|
    |and_ln6_reg_217     |   1|   0|    1|          0|
    |and_ln8_1_reg_223   |   1|   0|    1|          0|
    |ap_CS_fsm           |  36|   0|   36|          0|
    |ap_return_preg      |  32|   0|   32|          0|
    |or_ln6_reg_211      |   1|   0|    1|          0|
    |reg_78              |  64|   0|   64|          0|
    |reg_86              |  64|   0|   64|          0|
    |tmp_19_reg_239      |  64|   0|   64|          0|
    |tmp_30_reg_229      |   1|   0|    1|          0|
    |tmp_31_reg_234      |   1|   0|    1|          0|
    |vec_assign_reg_254  |  32|   0|   32|          0|
    |xor_ln6_reg_244     |   1|   0|    1|          0|
    +--------------------+----+----+-----+-----------+
    |Total               | 299|   0|  299|          0|
    +--------------------+----+----+-----+-----------+



================================================================
== Interface
================================================================
* Summary: 
+-----------+-----+-----+------------+--------------+--------------+
| RTL Ports | Dir | Bits|  Protocol  | Source Object|    C Type    |
+-----------+-----+-----+------------+--------------+--------------+
|ap_clk     |  in |    1| ap_ctrl_hs |    act_fun   | return value |
|ap_rst     |  in |    1| ap_ctrl_hs |    act_fun   | return value |
|ap_start   |  in |    1| ap_ctrl_hs |    act_fun   | return value |
|ap_done    | out |    1| ap_ctrl_hs |    act_fun   | return value |
|ap_idle    | out |    1| ap_ctrl_hs |    act_fun   | return value |
|ap_ready   | out |    1| ap_ctrl_hs |    act_fun   | return value |
|ap_return  | out |   32| ap_ctrl_hs |    act_fun   | return value |
|vec        |  in |   32|   ap_none  |      vec     |    scalar    |
+-----------+-----+-----+------------+--------------+--------------+

