

================================================================
== Vivado HLS Report for 'dummy_proc_be'
================================================================
* Date:           Mon May  4 11:14:28 2020

* Version:        2019.2 (Build 2704478 on Wed Nov 06 22:10:23 MST 2019)
* Project:        neural_net_HLS
* Solution:       solution1
* Product family: artix7
* Target device:  xc7a35t-cpg236-1


================================================================
== Performance Estimates
================================================================
+ Timing: 
    * Summary: 
    +--------+----------+----------+------------+
    |  Clock |  Target  | Estimated| Uncertainty|
    +--------+----------+----------+------------+
    |ap_clk  | 10.00 ns | 8.657 ns |   1.25 ns  |
    +--------+----------+----------+------------+

+ Latency: 
    * Summary: 
    +---------+---------+----------+----------+-----+-----+---------+
    |  Latency (cycles) |  Latency (absolute) |  Interval | Pipeline|
    |   min   |   max   |    min   |    max   | min | max |   Type  |
    +---------+---------+----------+----------+-----+-----+---------+
    |      531|      531| 5.310 us | 5.310 us |  531|  531|   none  |
    +---------+---------+----------+----------+-----+-----+---------+

    + Detail: 
        * Instance: 
        N/A

        * Loop: 
        +----------+---------+---------+----------+-----------+-----------+------+----------+
        |          |  Latency (cycles) | Iteration|  Initiation Interval  | Trip |          |
        | Loop Name|   min   |   max   |  Latency |  achieved |   target  | Count| Pipelined|
        +----------+---------+---------+----------+-----------+-----------+------+----------+
        |- Loop 1  |      529|      529|        19|          1|          1|   512|    yes   |
        +----------+---------+---------+----------+-----------+-----------+------+----------+



================================================================
== Utilization Estimates
================================================================
* Summary: 
+-----------------+---------+-------+-------+-------+-----+
|       Name      | BRAM_18K| DSP48E|   FF  |  LUT  | URAM|
+-----------------+---------+-------+-------+-------+-----+
|DSP              |        -|      -|      -|      -|    -|
|Expression       |        -|      -|     80|   1766|    -|
|FIFO             |        -|      -|      -|      -|    -|
|Instance         |        -|     11|    634|    625|    -|
|Memory           |        -|      -|      -|      -|    -|
|Multiplexer      |        -|      -|      -|     75|    -|
|Register         |        0|      -|   1112|    192|    -|
+-----------------+---------+-------+-------+-------+-----+
|Total            |        0|     11|   1826|   2658|    0|
+-----------------+---------+-------+-------+-------+-----+
|Available        |      100|     90|  41600|  20800|    0|
+-----------------+---------+-------+-------+-------+-----+
|Utilization (%)  |        0|     12|      4|     12|    0|
+-----------------+---------+-------+-------+-------+-----+

+ Detail: 
    * Instance: 
    +--------------------------+----------------------+---------+-------+-----+-----+-----+
    |         Instance         |        Module        | BRAM_18K| DSP48E|  FF | LUT | URAM|
    +--------------------------+----------------------+---------+-------+-----+-----+-----+
    |kernel_fadd_32ns_eOg_U11  |kernel_fadd_32ns_eOg  |        0|      2|  205|  205|    0|
    |kernel_fmul_32ns_bkb_U12  |kernel_fmul_32ns_bkb  |        0|      3|  143|  140|    0|
    |kernel_fmul_32ns_bkb_U13  |kernel_fmul_32ns_bkb  |        0|      3|  143|  140|    0|
    |kernel_fmul_32ns_bkb_U14  |kernel_fmul_32ns_bkb  |        0|      3|  143|  140|    0|
    +--------------------------+----------------------+---------+-------+-----+-----+-----+
    |Total                     |                      |        0|     11|  634|  625|    0|
    +--------------------------+----------------------+---------+-------+-----+-----+-----+

    * DSP48E: 
    N/A

    * Memory: 
    N/A

    * FIFO: 
    N/A

    * Expression: 
    +----------------------------------+----------+-------+----+-----+------------+------------+
    |           Variable Name          | Operation| DSP48E| FF | LUT | Bitwidth P0| Bitwidth P1|
    +----------------------------------+----------+-------+----+-----+------------+------------+
    |add_ln949_1_fu_571_p2             |     +    |      0|   0|   23|           6|          16|
    |add_ln949_fu_418_p2               |     +    |      0|   0|   23|           6|          16|
    |add_ln958_1_fu_614_p2             |     +    |      0|   0|   39|           6|          32|
    |add_ln958_fu_461_p2               |     +    |      0|   0|   39|           6|          32|
    |add_ln964_1_fu_750_p2             |     +    |      0|   0|    8|           8|           8|
    |add_ln964_fu_695_p2               |     +    |      0|   0|    8|           8|           8|
    |i_fu_168_p2                       |     +    |      0|   0|   17|          10|           1|
    |lsb_index_1_fu_344_p2             |     +    |      0|   0|   39|           6|          32|
    |lsb_index_fu_289_p2               |     +    |      0|   0|   39|           6|          32|
    |m_12_fu_656_p2                    |     +    |      0|   0|   71|          64|          64|
    |m_2_fu_503_p2                     |     +    |      0|   0|   71|          64|          64|
    |sub_ln944_1_fu_334_p2             |     -    |      0|   0|   39|           5|          32|
    |sub_ln944_fu_279_p2               |     -    |      0|   0|   39|           5|          32|
    |sub_ln947_1_fu_364_p2             |     -    |      0|   0|   15|           4|           5|
    |sub_ln947_fu_309_p2               |     -    |      0|   0|   15|           4|           5|
    |sub_ln958_1_fu_629_p2             |     -    |      0|   0|   39|           5|          32|
    |sub_ln958_fu_476_p2               |     -    |      0|   0|   39|           5|          32|
    |sub_ln964_1_fu_745_p2             |     -    |      0|   0|    8|           1|           8|
    |sub_ln964_fu_690_p2               |     -    |      0|   0|    8|           1|           8|
    |tmp_V_4_fu_240_p2                 |     -    |      0|   0|   23|           1|          16|
    |tmp_V_fu_192_p2                   |     -    |      0|   0|   23|           1|          16|
    |a_1_fu_552_p2                     |    and   |      0|   0|    2|           1|           1|
    |a_fu_399_p2                       |    and   |      0|   0|    2|           1|           1|
    |and_ln949_1_fu_583_p2             |    and   |      0|   0|    2|           1|           1|
    |and_ln949_fu_430_p2               |    and   |      0|   0|    2|           1|           1|
    |ap_block_pp0_stage0_11001         |    and   |      0|   0|    2|           1|           1|
    |ap_block_state3_pp0_stage0_iter1  |    and   |      0|   0|    2|           1|           1|
    |p_Result_13_fu_541_p2             |    and   |      0|   0|   16|          16|          16|
    |p_Result_7_fu_388_p2              |    and   |      0|   0|   16|          16|          16|
    |l_1_fu_326_p3                     |   cttz   |      0|  40|   36|          32|           0|
    |l_fu_271_p3                       |   cttz   |      0|  40|   36|          32|           0|
    |icmp_ln25_fu_162_p2               |   icmp   |      0|   0|   13|          10|          11|
    |icmp_ln935_1_fu_226_p2            |   icmp   |      0|   0|   13|          16|           1|
    |icmp_ln935_fu_178_p2              |   icmp   |      0|   0|   13|          16|           1|
    |icmp_ln947_1_fu_393_p2            |   icmp   |      0|   0|   13|          16|           1|
    |icmp_ln947_2_fu_527_p2            |   icmp   |      0|   0|   18|          31|           1|
    |icmp_ln947_3_fu_546_p2            |   icmp   |      0|   0|   13|          16|           1|
    |icmp_ln947_fu_374_p2              |   icmp   |      0|   0|   18|          31|           1|
    |icmp_ln958_1_fu_609_p2            |   icmp   |      0|   0|   18|          32|           1|
    |icmp_ln958_fu_456_p2              |   icmp   |      0|   0|   18|          32|           1|
    |lshr_ln947_1_fu_535_p2            |   lshr   |      0|   0|   35|           2|          16|
    |lshr_ln947_fu_382_p2              |   lshr   |      0|   0|   35|           2|          16|
    |lshr_ln958_1_fu_619_p2            |   lshr   |      0|   0|  101|          32|          32|
    |lshr_ln958_fu_466_p2              |   lshr   |      0|   0|  101|          32|          32|
    |ap_block_state1                   |    or    |      0|   0|    2|           1|           1|
    |or_ln949_2_fu_436_p2              |    or    |      0|   0|    2|           1|           1|
    |or_ln949_fu_589_p2                |    or    |      0|   0|    2|           1|           1|
    |im_fu_783_p3                      |  select  |      0|   0|   32|           1|           1|
    |m_10_fu_644_p3                    |  select  |      0|   0|   64|           1|          64|
    |m_1_fu_491_p3                     |  select  |      0|   0|   64|           1|          64|
    |re_fu_728_p3                      |  select  |      0|   0|   32|           1|           1|
    |select_ln964_1_fu_738_p3          |  select  |      0|   0|    7|           1|           7|
    |select_ln964_fu_683_p3            |  select  |      0|   0|    7|           1|           7|
    |tmp_V_7_fu_198_p3                 |  select  |      0|   0|   16|           1|          16|
    |tmp_V_9_fu_246_p3                 |  select  |      0|   0|   16|           1|          16|
    |shl_ln958_1_fu_638_p2             |    shl   |      0|   0|  182|          64|          64|
    |shl_ln958_fu_485_p2               |    shl   |      0|   0|  182|          64|          64|
    |ap_enable_pp0                     |    xor   |      0|   0|    2|           1|           2|
    |ap_enable_reg_pp0_iter1           |    xor   |      0|   0|    2|           2|           1|
    |xor_ln949_1_fu_565_p2             |    xor   |      0|   0|    2|           1|           2|
    |xor_ln949_fu_412_p2               |    xor   |      0|   0|    2|           1|           2|
    +----------------------------------+----------+-------+----+-----+------------+------------+
    |Total                             |          |      0|  80| 1766|         736|         958|
    +----------------------------------+----------+-------+----+-----+------------+------------+

    * Multiplexer: 
    +------------------------------+----+-----------+-----+-----------+
    |             Name             | LUT| Input Size| Bits| Total Bits|
    +------------------------------+----+-----------+-----+-----------+
    |ap_NS_fsm                     |  21|          4|    1|          4|
    |ap_done                       |   9|          2|    1|          2|
    |ap_enable_reg_pp0_iter1       |   9|          2|    1|          2|
    |ap_enable_reg_pp0_iter18      |   9|          2|    1|          2|
    |ap_phi_mux_i_0_phi_fu_137_p4  |   9|          2|   10|         20|
    |i_0_reg_133                   |   9|          2|   10|         20|
    |in_r_blk_n                    |   9|          2|    1|          2|
    +------------------------------+----+-----------+-----+-----------+
    |Total                         |  75|         16|   25|         52|
    +------------------------------+----+-----------+-----+-----------+

    * Register: 
    +-------------------------------------+----+----+-----+-----------+
    |                 Name                | FF | LUT| Bits| Const Bits|
    +-------------------------------------+----+----+-----+-----------+
    |ap_CS_fsm                            |   3|   0|    3|          0|
    |ap_done_reg                          |   1|   0|    1|          0|
    |ap_enable_reg_pp0_iter0              |   1|   0|    1|          0|
    |ap_enable_reg_pp0_iter1              |   1|   0|    1|          0|
    |ap_enable_reg_pp0_iter10             |   1|   0|    1|          0|
    |ap_enable_reg_pp0_iter11             |   1|   0|    1|          0|
    |ap_enable_reg_pp0_iter12             |   1|   0|    1|          0|
    |ap_enable_reg_pp0_iter13             |   1|   0|    1|          0|
    |ap_enable_reg_pp0_iter14             |   1|   0|    1|          0|
    |ap_enable_reg_pp0_iter15             |   1|   0|    1|          0|
    |ap_enable_reg_pp0_iter16             |   1|   0|    1|          0|
    |ap_enable_reg_pp0_iter17             |   1|   0|    1|          0|
    |ap_enable_reg_pp0_iter18             |   1|   0|    1|          0|
    |ap_enable_reg_pp0_iter2              |   1|   0|    1|          0|
    |ap_enable_reg_pp0_iter3              |   1|   0|    1|          0|
    |ap_enable_reg_pp0_iter4              |   1|   0|    1|          0|
    |ap_enable_reg_pp0_iter5              |   1|   0|    1|          0|
    |ap_enable_reg_pp0_iter6              |   1|   0|    1|          0|
    |ap_enable_reg_pp0_iter7              |   1|   0|    1|          0|
    |ap_enable_reg_pp0_iter8              |   1|   0|    1|          0|
    |ap_enable_reg_pp0_iter9              |   1|   0|    1|          0|
    |i_0_reg_133                          |  10|   0|   10|          0|
    |i_reg_799                            |  10|   0|   10|          0|
    |icmp_ln25_reg_795                    |   1|   0|    1|          0|
    |icmp_ln935_1_reg_827                 |   1|   0|    1|          0|
    |icmp_ln935_reg_804                   |   1|   0|    1|          0|
    |im_reg_940                           |  32|   0|   32|          0|
    |lsb_index_1_reg_893                  |  32|   0|   32|          0|
    |lsb_index_reg_861                    |  32|   0|   32|          0|
    |m_3_reg_924                          |  63|   0|   63|          0|
    |m_s_reg_914                          |  63|   0|   63|          0|
    |p_Result_11_reg_845                  |  16|   0|   16|          0|
    |p_Result_16_reg_809                  |   1|   0|    1|          0|
    |p_Result_19_reg_832                  |   1|   0|    1|          0|
    |p_Result_s_reg_822                   |  16|   0|   16|          0|
    |re_reg_934                           |  32|   0|   32|          0|
    |sub_ln944_1_reg_882                  |  32|   0|   32|          0|
    |sub_ln944_reg_850                    |  32|   0|   32|          0|
    |sub_ln947_1_reg_904                  |   5|   0|    5|          0|
    |sub_ln947_reg_872                    |   5|   0|    5|          0|
    |tmp_10_reg_899                       |  31|   0|   31|          0|
    |tmp_12_reg_929                       |   1|   0|    1|          0|
    |tmp_14_reg_956                       |  32|   0|   32|          0|
    |tmp_15_reg_961                       |  32|   0|   32|          0|
    |tmp_6_reg_867                        |  31|   0|   31|          0|
    |tmp_8_reg_919                        |   1|   0|    1|          0|
    |tmp_V_7_reg_814                      |  16|   0|   16|          0|
    |tmp_V_7_reg_814_pp0_iter2_reg        |  16|   0|   16|          0|
    |tmp_V_9_reg_837                      |  16|   0|   16|          0|
    |tmp_V_9_reg_837_pp0_iter2_reg        |  16|   0|   16|          0|
    |tmp_reg_946                          |  32|   0|   32|          0|
    |tmp_s_reg_951                        |  32|   0|   32|          0|
    |trunc_ln943_1_reg_909                |   8|   0|    8|          0|
    |trunc_ln943_1_reg_909_pp0_iter3_reg  |   8|   0|    8|          0|
    |trunc_ln943_reg_877                  |   8|   0|    8|          0|
    |trunc_ln943_reg_877_pp0_iter3_reg    |   8|   0|    8|          0|
    |trunc_ln944_1_reg_888                |  16|   0|   16|          0|
    |trunc_ln944_reg_856                  |  16|   0|   16|          0|
    |i_0_reg_133                          |  64|  32|   10|          0|
    |icmp_ln25_reg_795                    |  64|  32|    1|          0|
    |icmp_ln935_1_reg_827                 |  64|  32|    1|          0|
    |icmp_ln935_reg_804                   |  64|  32|    1|          0|
    |p_Result_16_reg_809                  |  64|  32|    1|          0|
    |p_Result_19_reg_832                  |  64|  32|    1|          0|
    +-------------------------------------+----+----+-----+-----------+
    |Total                                |1112| 192|  743|          0|
    +-------------------------------------+----+----+-----+-----------+



================================================================
== Interface
================================================================
* Summary: 
+----------------+-----+-----+------------+---------------+--------------+
|    RTL Ports   | Dir | Bits|  Protocol  | Source Object |    C Type    |
+----------------+-----+-----+------------+---------------+--------------+
|ap_clk          |  in |    1| ap_ctrl_hs | dummy_proc_be | return value |
|ap_rst          |  in |    1| ap_ctrl_hs | dummy_proc_be | return value |
|ap_start        |  in |    1| ap_ctrl_hs | dummy_proc_be | return value |
|ap_done         | out |    1| ap_ctrl_hs | dummy_proc_be | return value |
|ap_continue     |  in |    1| ap_ctrl_hs | dummy_proc_be | return value |
|ap_idle         | out |    1| ap_ctrl_hs | dummy_proc_be | return value |
|ap_ready        | out |    1| ap_ctrl_hs | dummy_proc_be | return value |
|in_r_dout       |  in |   32|   ap_fifo  |      in_r     |    pointer   |
|in_r_empty_n    |  in |    1|   ap_fifo  |      in_r     |    pointer   |
|in_r_read       | out |    1|   ap_fifo  |      in_r     |    pointer   |
|out_r_address0  | out |    9|  ap_memory |     out_r     |     array    |
|out_r_ce0       | out |    1|  ap_memory |     out_r     |     array    |
|out_r_we0       | out |    1|  ap_memory |     out_r     |     array    |
|out_r_d0        | out |   32|  ap_memory |     out_r     |     array    |
+----------------+-----+-----+------------+---------------+--------------+

