

================================================================
== Vivado HLS Report for 'fft_top'
================================================================
* Date:           Mon May  4 11:14:28 2020

* Version:        2019.2 (Build 2704478 on Wed Nov 06 22:10:23 MST 2019)
* Project:        neural_net_HLS
* Solution:       solution1
* Product family: artix7
* Target device:  xc7a35t-cpg236-1


================================================================
== Performance Estimates
================================================================
+ Timing: 
    * Summary: 
    +--------+----------+----------+------------+
    |  Clock |  Target  | Estimated| Uncertainty|
    +--------+----------+----------+------------+
    |ap_clk  | 10.00 ns | 8.750 ns |   1.25 ns  |
    +--------+----------+----------+------------+

+ Latency: 
    * Summary: 
    +---------+---------+-----------+-----------+------+------+----------+
    |  Latency (cycles) |   Latency (absolute)  |   Interval  | Pipeline |
    |   min   |   max   |    min    |    max    |  min |  max |   Type   |
    +---------+---------+-----------+-----------+------+------+----------+
    |     6278|     6278| 62.780 us | 62.780 us |  6279|  6279| dataflow |
    +---------+---------+-----------+-----------+------+------+----------+

    + Detail: 
        * Instance: 
        +------------------+---------------+---------+---------+-----------+-----------+------+------+---------+
        |                  |               |  Latency (cycles) |   Latency (absolute)  |   Interval  | Pipeline|
        |     Instance     |     Module    |   min   |   max   |    min    |    max    |  min |  max |   Type  |
        +------------------+---------------+---------+---------+-----------+-----------+------+------+---------+
        |dummy_proc_be_U0  |dummy_proc_be  |      531|      531|  5.310 us |  5.310 us |   531|   531|   none  |
        |dummy_proc_fe_U0  |dummy_proc_fe  |     2064|     2064| 20.640 us | 20.640 us |  2064|  2064|   none  |
        |fft_config1_U0    |fft_config1_s  |     6278|     6278| 62.780 us | 62.780 us |  6278|  6278|   none  |
        +------------------+---------------+---------+---------+-----------+-----------+------+------+---------+

        * Loop: 
        N/A



================================================================
== Utilization Estimates
================================================================
* Summary: 
+-----------------+---------+-------+-------+-------+-----+
|       Name      | BRAM_18K| DSP48E|   FF  |  LUT  | URAM|
+-----------------+---------+-------+-------+-------+-----+
|DSP              |        -|      -|      -|      -|    -|
|Expression       |        -|      -|      0|      4|    -|
|FIFO             |        8|      -|    161|    328|    -|
|Instance         |        8|     29|  13796|  12820|    -|
|Memory           |        -|      -|      -|      -|    -|
|Multiplexer      |        -|      -|      -|      -|    -|
|Register         |        -|      -|      -|      -|    -|
+-----------------+---------+-------+-------+-------+-----+
|Total            |       16|     29|  13957|  13152|    0|
+-----------------+---------+-------+-------+-------+-----+
|Available        |      100|     90|  41600|  20800|    0|
+-----------------+---------+-------+-------+-------+-----+
|Utilization (%)  |       16|     32|     33|     63|    0|
+-----------------+---------+-------+-------+-------+-----+

+ Detail: 
    * Instance: 
    +------------------+---------------+---------+-------+-------+------+-----+
    |     Instance     |     Module    | BRAM_18K| DSP48E|   FF  |  LUT | URAM|
    +------------------+---------------+---------+-------+-------+------+-----+
    |dummy_proc_be_U0  |dummy_proc_be  |        0|     11|   1826|  2658|    0|
    |dummy_proc_fe_U0  |dummy_proc_fe  |        0|      3|    974|  1329|    0|
    |fft_config1_U0    |fft_config1_s  |        8|     15|  10996|  8833|    0|
    +------------------+---------------+---------+-------+-------+------+-----+
    |Total             |               |        8|     29|  13796| 12820|    0|
    +------------------+---------------+---------+-------+-------+------+-----+

    * DSP48E: 
    N/A

    * Memory: 
    N/A

    * FIFO: 
    +---------------------+---------+----+----+-----+------+-----+---------+
    |         Name        | BRAM_18K| FF | LUT| URAM| Depth| Bits| Size:D*B|
    +---------------------+---------+----+----+-----+------+-----+---------+
    |fft_config_data_V_U  |        0|   5|   0|    -|     2|   16|       32|
    |xk_channel_U         |        4|  78|   0|    -|  2048|   32|    65536|
    |xn_channel_U         |        4|  78|   0|    -|  2048|   32|    65536|
    +---------------------+---------+----+----+-----+------+-----+---------+
    |Total                |        8| 161|   0|    0|  4098|   80|   131104|
    +---------------------+---------+----+----+-----+------+-----+---------+

    * Expression: 
    +-------------------------------+----------+-------+---+----+------------+------------+
    |         Variable Name         | Operation| DSP48E| FF| LUT| Bitwidth P0| Bitwidth P1|
    +-------------------------------+----------+-------+---+----+------------+------------+
    |ap_idle                        |    and   |      0|  0|   2|           1|           1|
    |dummy_proc_fe_U0_start_full_n  |    and   |      0|  0|   2|           1|           1|
    +-------------------------------+----------+-------+---+----+------------+------------+
    |Total                          |          |      0|  0|   4|           2|           2|
    +-------------------------------+----------+-------+---+----+------------+------------+

    * Multiplexer: 
    N/A

    * Register: 
    N/A



================================================================
== Interface
================================================================
* Summary: 
+----------------+-----+-----+------------+--------------+--------------+
|    RTL Ports   | Dir | Bits|  Protocol  | Source Object|    C Type    |
+----------------+-----+-----+------------+--------------+--------------+
|in_r_dout       |  in |   16|   ap_fifo  |     in_r     |    pointer   |
|in_r_empty_n    |  in |    1|   ap_fifo  |     in_r     |    pointer   |
|in_r_read       | out |    1|   ap_fifo  |     in_r     |    pointer   |
|out_r_address0  | out |    9|  ap_memory |     out_r    |     array    |
|out_r_ce0       | out |    1|  ap_memory |     out_r    |     array    |
|out_r_d0        | out |   32|  ap_memory |     out_r    |     array    |
|out_r_q0        |  in |   32|  ap_memory |     out_r    |     array    |
|out_r_we0       | out |    1|  ap_memory |     out_r    |     array    |
|out_r_address1  | out |    9|  ap_memory |     out_r    |     array    |
|out_r_ce1       | out |    1|  ap_memory |     out_r    |     array    |
|out_r_d1        | out |   32|  ap_memory |     out_r    |     array    |
|out_r_q1        |  in |   32|  ap_memory |     out_r    |     array    |
|out_r_we1       | out |    1|  ap_memory |     out_r    |     array    |
|ap_clk          |  in |    1| ap_ctrl_hs |    fft_top   | return value |
|ap_rst          |  in |    1| ap_ctrl_hs |    fft_top   | return value |
|ap_start        |  in |    1| ap_ctrl_hs |    fft_top   | return value |
|ap_done         | out |    1| ap_ctrl_hs |    fft_top   | return value |
|ap_ready        | out |    1| ap_ctrl_hs |    fft_top   | return value |
|ap_idle         | out |    1| ap_ctrl_hs |    fft_top   | return value |
|ap_continue     |  in |    1| ap_ctrl_hs |    fft_top   | return value |
+----------------+-----+-----+------------+--------------+--------------+

