

================================================================
== Vivado HLS Report for 'act_fun'
================================================================
* Date:           Sun Apr 26 18:52:13 2020

* Version:        2019.2 (Build 2704478 on Wed Nov 06 22:10:23 MST 2019)
* Project:        neural_net_HLS
* Solution:       solution1
* Product family: artix7
* Target device:  xc7a35t-cpg236-1


================================================================
== Performance Estimates
================================================================
+ Timing: 
    * Summary: 
    +--------+----------+----------+------------+
    |  Clock |  Target  | Estimated| Uncertainty|
    +--------+----------+----------+------------+
    |ap_clk  | 10.00 ns | 8.390 ns |   1.25 ns  |
    +--------+----------+----------+------------+

+ Latency: 
    * Summary: 
    +---------+---------+----------+----------+-----+-----+----------+
    |  Latency (cycles) |  Latency (absolute) |  Interval | Pipeline |
    |   min   |   max   |    min   |    max   | min | max |   Type   |
    +---------+---------+----------+----------+-----+-----+----------+
    |       33|       33| 0.330 us | 0.330 us |    1|    1| function |
    +---------+---------+----------+----------+-----+-----+----------+

    + Detail: 
        * Instance: 
        N/A

        * Loop: 
        N/A

============================================================
+ Verbose Summary: Synthesis Manager
============================================================
InlineROM: 1
ExposeGlobal: 0
============================================================
+ Verbose Summary: CDFG Model
============================================================
IsTopModel: 0
ResetActiveHigh: 1
IsCombinational: 0
IsDatapathOnly: 0
HasWiredReturn: 1
HasMFsm: 2
HasVarLatency: 0
IsPipeline: 1
IsRtlPipelined: 1
IsInstanceOverlapped: 0
IsDontTouch: 0
HasImplIP: 0
IsGatedGlobalClock: 0

+ Individual pipeline summary: 
  * Pipeline-0: initiation interval (II) = 1, depth = 34


============================================================
+ Verbose Summary: Schedule
============================================================
* Number of FSM states : 34
* Pipeline : 1
  Pipeline-0 : II = 1, D = 34, States = { 1 2 3 4 5 6 7 8 9 10 11 12 13 14 15 16 17 18 19 20 21 22 23 24 25 26 27 28 29 30 31 32 33 34 }
* Dataflow Pipeline: 0

* FSM state transitions: 
1 --> 2 
2 --> 3 
3 --> 4 
4 --> 5 
5 --> 6 
6 --> 7 
7 --> 8 
8 --> 9 
9 --> 10 
10 --> 11 
11 --> 12 
12 --> 13 
13 --> 14 
14 --> 15 
15 --> 16 
16 --> 17 
17 --> 18 
18 --> 19 
19 --> 20 
20 --> 21 
21 --> 22 
22 --> 23 
23 --> 24 
24 --> 25 
25 --> 26 
26 --> 27 
27 --> 28 
28 --> 29 
29 --> 30 
30 --> 31 
31 --> 32 
32 --> 33 
33 --> 34 
34 --> 

* FSM state operations: 

State 1 <SV = 0> <Delay = 5.09>
ST_1 : Operation 35 [1/1] (0.00ns)   --->   "%vec_read = call float @_ssdm_op_Read.ap_auto.float(float %vec) nounwind" [neural_net_HLS/solution1/kernel.cpp:5]   --->   Operation 35 'read' 'vec_read' <Predicate = true> <Delay = 0.00>
ST_1 : Operation 36 [2/2] (5.09ns)   --->   "%tmp_21 = fcmp ole float %vec_read, -4.000000e+00" [neural_net_HLS/solution1/kernel.cpp:6]   --->   Operation 36 'fcmp' 'tmp_21' <Predicate = true> <Delay = 5.09> <Core = "FCmp">   --->   Core 111 'FCmp' <Latency = 1> <II = 1> <Delay = 5.09> <FuncUnit> <Opcode : 'fcmp'> <InPorts = 2> <OutPorts = 1>
ST_1 : Operation 37 [2/2] (4.09ns)   --->   "%tmp_15 = fpext float %vec_read to double" [neural_net_HLS/solution1/kernel.cpp:9]   --->   Operation 37 'fpext' 'tmp_15' <Predicate = true> <Delay = 4.09> <Core = "Float2Double">   --->   Core 114 'Float2Double' <Latency = 1> <II = 1> <Delay = 4.09> <FuncUnit> <Opcode : 'fpext'> <InPorts = 1> <OutPorts = 1>

State 2 <SV = 1> <Delay = 6.07>
ST_2 : Operation 38 [1/1] (0.00ns)   --->   "%bitcast_ln6 = bitcast float %vec_read to i32" [neural_net_HLS/solution1/kernel.cpp:6]   --->   Operation 38 'bitcast' 'bitcast_ln6' <Predicate = true> <Delay = 0.00>
ST_2 : Operation 39 [1/1] (0.00ns)   --->   "%tmp = call i8 @_ssdm_op_PartSelect.i8.i32.i32.i32(i32 %bitcast_ln6, i32 23, i32 30)" [neural_net_HLS/solution1/kernel.cpp:6]   --->   Operation 39 'partselect' 'tmp' <Predicate = true> <Delay = 0.00>
ST_2 : Operation 40 [1/1] (0.00ns)   --->   "%trunc_ln6 = trunc i32 %bitcast_ln6 to i23" [neural_net_HLS/solution1/kernel.cpp:6]   --->   Operation 40 'trunc' 'trunc_ln6' <Predicate = true> <Delay = 0.00>
ST_2 : Operation 41 [1/1] (1.47ns)   --->   "%icmp_ln6 = icmp ne i8 %tmp, -1" [neural_net_HLS/solution1/kernel.cpp:6]   --->   Operation 41 'icmp' 'icmp_ln6' <Predicate = true> <Delay = 1.47> <Core = "Cmp">   --->   Core 25 'Cmp' <Latency = 0> <II = 1> <Delay = 2.40> <FuncUnit> <Opcode : 'icmp'> <InPorts = 2> <OutPorts = 1>
ST_2 : Operation 42 [1/1] (2.40ns)   --->   "%icmp_ln6_1 = icmp eq i23 %trunc_ln6, 0" [neural_net_HLS/solution1/kernel.cpp:6]   --->   Operation 42 'icmp' 'icmp_ln6_1' <Predicate = true> <Delay = 2.40> <Core = "Cmp">   --->   Core 25 'Cmp' <Latency = 0> <II = 1> <Delay = 2.40> <FuncUnit> <Opcode : 'icmp'> <InPorts = 2> <OutPorts = 1>
ST_2 : Operation 43 [1/1] (0.97ns)   --->   "%or_ln6 = or i1 %icmp_ln6_1, %icmp_ln6" [neural_net_HLS/solution1/kernel.cpp:6]   --->   Operation 43 'or' 'or_ln6' <Predicate = true> <Delay = 0.97> <Core = "LogicGate">   --->   Core 27 'LogicGate' <Latency = 0> <II = 1> <Delay = 0.97> <FuncUnit> <Opcode : 'and' 'or' 'xor'> <InPorts = 2> <OutPorts = 1>
ST_2 : Operation 44 [1/2] (5.09ns)   --->   "%tmp_21 = fcmp ole float %vec_read, -4.000000e+00" [neural_net_HLS/solution1/kernel.cpp:6]   --->   Operation 44 'fcmp' 'tmp_21' <Predicate = true> <Delay = 5.09> <Core = "FCmp">   --->   Core 111 'FCmp' <Latency = 1> <II = 1> <Delay = 5.09> <FuncUnit> <Opcode : 'fcmp'> <InPorts = 2> <OutPorts = 1>
ST_2 : Operation 45 [1/1] (0.97ns)   --->   "%and_ln6 = and i1 %or_ln6, %tmp_21" [neural_net_HLS/solution1/kernel.cpp:6]   --->   Operation 45 'and' 'and_ln6' <Predicate = true> <Delay = 0.97> <Core = "LogicGate">   --->   Core 27 'LogicGate' <Latency = 0> <II = 1> <Delay = 0.97> <FuncUnit> <Opcode : 'and' 'or' 'xor'> <InPorts = 2> <OutPorts = 1>
ST_2 : Operation 46 [1/2] (4.09ns)   --->   "%tmp_15 = fpext float %vec_read to double" [neural_net_HLS/solution1/kernel.cpp:9]   --->   Operation 46 'fpext' 'tmp_15' <Predicate = true> <Delay = 4.09> <Core = "Float2Double">   --->   Core 114 'Float2Double' <Latency = 1> <II = 1> <Delay = 4.09> <FuncUnit> <Opcode : 'fpext'> <InPorts = 1> <OutPorts = 1>

State 3 <SV = 2> <Delay = 7.79>
ST_3 : Operation 47 [2/2] (5.09ns)   --->   "%tmp_24 = fcmp ogt float %vec_read, -4.000000e+00" [neural_net_HLS/solution1/kernel.cpp:8]   --->   Operation 47 'fcmp' 'tmp_24' <Predicate = (!and_ln6)> <Delay = 5.09> <Core = "FCmp">   --->   Core 111 'FCmp' <Latency = 1> <II = 1> <Delay = 5.09> <FuncUnit> <Opcode : 'fcmp'> <InPorts = 2> <OutPorts = 1>
ST_3 : Operation 48 [2/2] (5.09ns)   --->   "%tmp_25 = fcmp ole float %vec_read, 0.000000e+00" [neural_net_HLS/solution1/kernel.cpp:8]   --->   Operation 48 'fcmp' 'tmp_25' <Predicate = (!and_ln6)> <Delay = 5.09> <Core = "FCmp">   --->   Core 111 'FCmp' <Latency = 1> <II = 1> <Delay = 5.09> <FuncUnit> <Opcode : 'fcmp'> <InPorts = 2> <OutPorts = 1>
ST_3 : Operation 49 [2/2] (5.09ns)   --->   "%tmp_26 = fcmp ogt float %vec_read, 0.000000e+00" [neural_net_HLS/solution1/kernel.cpp:10]   --->   Operation 49 'fcmp' 'tmp_26' <Predicate = (!and_ln6)> <Delay = 5.09> <Core = "FCmp">   --->   Core 111 'FCmp' <Latency = 1> <II = 1> <Delay = 5.09> <FuncUnit> <Opcode : 'fcmp'> <InPorts = 2> <OutPorts = 1>
ST_3 : Operation 50 [2/2] (5.09ns)   --->   "%tmp_27 = fcmp olt float %vec_read, 4.000000e+00" [neural_net_HLS/solution1/kernel.cpp:10]   --->   Operation 50 'fcmp' 'tmp_27' <Predicate = (!and_ln6)> <Delay = 5.09> <Core = "FCmp">   --->   Core 111 'FCmp' <Latency = 1> <II = 1> <Delay = 5.09> <FuncUnit> <Opcode : 'fcmp'> <InPorts = 2> <OutPorts = 1>
ST_3 : Operation 51 [6/6] (7.79ns)   --->   "%tmp_16 = fmul double %tmp_15, 2.500000e-01" [neural_net_HLS/solution1/kernel.cpp:9]   --->   Operation 51 'dmul' 'tmp_16' <Predicate = (!and_ln6)> <Delay = 7.79> <Core = "DMul">   --->   Core 116 'DMul' <Latency = 5> <II = 1> <Delay = 7.79> <FuncUnit> <Opcode : 'dmul'> <InPorts = 2> <OutPorts = 1>

State 4 <SV = 3> <Delay = 7.79>
ST_4 : Operation 52 [1/1] (0.97ns)   --->   "%xor_ln6 = xor i1 %and_ln6, true" [neural_net_HLS/solution1/kernel.cpp:6]   --->   Operation 52 'xor' 'xor_ln6' <Predicate = (!and_ln6)> <Delay = 0.97> <Core = "LogicGate">   --->   Core 27 'LogicGate' <Latency = 0> <II = 1> <Delay = 0.97> <FuncUnit> <Opcode : 'and' 'or' 'xor'> <InPorts = 2> <OutPorts = 1>
ST_4 : Operation 53 [1/2] (5.09ns)   --->   "%tmp_24 = fcmp ogt float %vec_read, -4.000000e+00" [neural_net_HLS/solution1/kernel.cpp:8]   --->   Operation 53 'fcmp' 'tmp_24' <Predicate = (!and_ln6)> <Delay = 5.09> <Core = "FCmp">   --->   Core 111 'FCmp' <Latency = 1> <II = 1> <Delay = 5.09> <FuncUnit> <Opcode : 'fcmp'> <InPorts = 2> <OutPorts = 1>
ST_4 : Operation 54 [1/1] (0.00ns) (grouped into LUT with out node and_ln8_1)   --->   "%and_ln8 = and i1 %or_ln6, %tmp_24" [neural_net_HLS/solution1/kernel.cpp:8]   --->   Operation 54 'and' 'and_ln8' <Predicate = (!and_ln6)> <Delay = 0.00> <Core = "LogicGate">   --->   Core 27 'LogicGate' <Latency = 0> <II = 1> <Delay = 0.97> <FuncUnit> <Opcode : 'and' 'or' 'xor'> <InPorts = 2> <OutPorts = 1>
ST_4 : Operation 55 [1/2] (5.09ns)   --->   "%tmp_25 = fcmp ole float %vec_read, 0.000000e+00" [neural_net_HLS/solution1/kernel.cpp:8]   --->   Operation 55 'fcmp' 'tmp_25' <Predicate = (!and_ln6)> <Delay = 5.09> <Core = "FCmp">   --->   Core 111 'FCmp' <Latency = 1> <II = 1> <Delay = 5.09> <FuncUnit> <Opcode : 'fcmp'> <InPorts = 2> <OutPorts = 1>
ST_4 : Operation 56 [1/1] (0.97ns) (out node of the LUT)   --->   "%and_ln8_1 = and i1 %and_ln8, %tmp_25" [neural_net_HLS/solution1/kernel.cpp:8]   --->   Operation 56 'and' 'and_ln8_1' <Predicate = (!and_ln6)> <Delay = 0.97> <Core = "LogicGate">   --->   Core 27 'LogicGate' <Latency = 0> <II = 1> <Delay = 0.97> <FuncUnit> <Opcode : 'and' 'or' 'xor'> <InPorts = 2> <OutPorts = 1>
ST_4 : Operation 57 [1/1] (0.00ns) (grouped into LUT with out node and_ln10_3)   --->   "%xor_ln8 = xor i1 %and_ln8_1, true" [neural_net_HLS/solution1/kernel.cpp:8]   --->   Operation 57 'xor' 'xor_ln8' <Predicate = (!and_ln6)> <Delay = 0.00> <Core = "LogicGate">   --->   Core 27 'LogicGate' <Latency = 0> <II = 1> <Delay = 0.97> <FuncUnit> <Opcode : 'and' 'or' 'xor'> <InPorts = 2> <OutPorts = 1>
ST_4 : Operation 58 [1/2] (5.09ns)   --->   "%tmp_26 = fcmp ogt float %vec_read, 0.000000e+00" [neural_net_HLS/solution1/kernel.cpp:10]   --->   Operation 58 'fcmp' 'tmp_26' <Predicate = (!and_ln6)> <Delay = 5.09> <Core = "FCmp">   --->   Core 111 'FCmp' <Latency = 1> <II = 1> <Delay = 5.09> <FuncUnit> <Opcode : 'fcmp'> <InPorts = 2> <OutPorts = 1>
ST_4 : Operation 59 [1/2] (5.09ns)   --->   "%tmp_27 = fcmp olt float %vec_read, 4.000000e+00" [neural_net_HLS/solution1/kernel.cpp:10]   --->   Operation 59 'fcmp' 'tmp_27' <Predicate = (!and_ln6)> <Delay = 5.09> <Core = "FCmp">   --->   Core 111 'FCmp' <Latency = 1> <II = 1> <Delay = 5.09> <FuncUnit> <Opcode : 'fcmp'> <InPorts = 2> <OutPorts = 1>
ST_4 : Operation 60 [1/1] (0.00ns) (grouped into LUT with out node and_ln10_3)   --->   "%and_ln10 = and i1 %or_ln6, %tmp_27" [neural_net_HLS/solution1/kernel.cpp:10]   --->   Operation 60 'and' 'and_ln10' <Predicate = (!and_ln6)> <Delay = 0.00> <Core = "LogicGate">   --->   Core 27 'LogicGate' <Latency = 0> <II = 1> <Delay = 0.97> <FuncUnit> <Opcode : 'and' 'or' 'xor'> <InPorts = 2> <OutPorts = 1>
ST_4 : Operation 61 [5/6] (7.79ns)   --->   "%tmp_16 = fmul double %tmp_15, 2.500000e-01" [neural_net_HLS/solution1/kernel.cpp:9]   --->   Operation 61 'dmul' 'tmp_16' <Predicate = (!and_ln6)> <Delay = 7.79> <Core = "DMul">   --->   Core 116 'DMul' <Latency = 5> <II = 1> <Delay = 7.79> <FuncUnit> <Opcode : 'dmul'> <InPorts = 2> <OutPorts = 1>
ST_4 : Operation 62 [1/1] (0.00ns) (grouped into LUT with out node and_ln10_3)   --->   "%and_ln10_1 = and i1 %xor_ln8, %xor_ln6" [neural_net_HLS/solution1/kernel.cpp:10]   --->   Operation 62 'and' 'and_ln10_1' <Predicate = (!and_ln6)> <Delay = 0.00> <Core = "LogicGate">   --->   Core 27 'LogicGate' <Latency = 0> <II = 1> <Delay = 0.97> <FuncUnit> <Opcode : 'and' 'or' 'xor'> <InPorts = 2> <OutPorts = 1>
ST_4 : Operation 63 [1/1] (0.00ns) (grouped into LUT with out node and_ln10_3)   --->   "%and_ln10_2 = and i1 %and_ln10, %tmp_26" [neural_net_HLS/solution1/kernel.cpp:10]   --->   Operation 63 'and' 'and_ln10_2' <Predicate = (!and_ln6)> <Delay = 0.00> <Core = "LogicGate">   --->   Core 27 'LogicGate' <Latency = 0> <II = 1> <Delay = 0.97> <FuncUnit> <Opcode : 'and' 'or' 'xor'> <InPorts = 2> <OutPorts = 1>
ST_4 : Operation 64 [1/1] (0.97ns) (out node of the LUT)   --->   "%and_ln10_3 = and i1 %and_ln10_2, %and_ln10_1" [neural_net_HLS/solution1/kernel.cpp:10]   --->   Operation 64 'and' 'and_ln10_3' <Predicate = (!and_ln6)> <Delay = 0.97> <Core = "LogicGate">   --->   Core 27 'LogicGate' <Latency = 0> <II = 1> <Delay = 0.97> <FuncUnit> <Opcode : 'and' 'or' 'xor'> <InPorts = 2> <OutPorts = 1>

State 5 <SV = 4> <Delay = 7.79>
ST_5 : Operation 65 [4/6] (7.79ns)   --->   "%tmp_16 = fmul double %tmp_15, 2.500000e-01" [neural_net_HLS/solution1/kernel.cpp:9]   --->   Operation 65 'dmul' 'tmp_16' <Predicate = (!and_ln6)> <Delay = 7.79> <Core = "DMul">   --->   Core 116 'DMul' <Latency = 5> <II = 1> <Delay = 7.79> <FuncUnit> <Opcode : 'dmul'> <InPorts = 2> <OutPorts = 1>

State 6 <SV = 5> <Delay = 7.79>
ST_6 : Operation 66 [3/6] (7.79ns)   --->   "%tmp_16 = fmul double %tmp_15, 2.500000e-01" [neural_net_HLS/solution1/kernel.cpp:9]   --->   Operation 66 'dmul' 'tmp_16' <Predicate = (!and_ln6)> <Delay = 7.79> <Core = "DMul">   --->   Core 116 'DMul' <Latency = 5> <II = 1> <Delay = 7.79> <FuncUnit> <Opcode : 'dmul'> <InPorts = 2> <OutPorts = 1>

State 7 <SV = 6> <Delay = 7.79>
ST_7 : Operation 67 [2/6] (7.79ns)   --->   "%tmp_16 = fmul double %tmp_15, 2.500000e-01" [neural_net_HLS/solution1/kernel.cpp:9]   --->   Operation 67 'dmul' 'tmp_16' <Predicate = (!and_ln6)> <Delay = 7.79> <Core = "DMul">   --->   Core 116 'DMul' <Latency = 5> <II = 1> <Delay = 7.79> <FuncUnit> <Opcode : 'dmul'> <InPorts = 2> <OutPorts = 1>

State 8 <SV = 7> <Delay = 7.79>
ST_8 : Operation 68 [1/6] (7.79ns)   --->   "%tmp_16 = fmul double %tmp_15, 2.500000e-01" [neural_net_HLS/solution1/kernel.cpp:9]   --->   Operation 68 'dmul' 'tmp_16' <Predicate = (!and_ln6)> <Delay = 7.79> <Core = "DMul">   --->   Core 116 'DMul' <Latency = 5> <II = 1> <Delay = 7.79> <FuncUnit> <Opcode : 'dmul'> <InPorts = 2> <OutPorts = 1>

State 9 <SV = 8> <Delay = 8.39>
ST_9 : Operation 69 [6/6] (8.39ns)   --->   "%tmp_17 = fadd double %tmp_16, 1.000000e+00" [neural_net_HLS/solution1/kernel.cpp:9]   --->   Operation 69 'dadd' 'tmp_17' <Predicate = (!and_ln10_3 & !and_ln6)> <Delay = 8.39> <Core = "DAddSub">   --->   Core 115 'DAddSub' <Latency = 5> <II = 1> <Delay = 8.39> <FuncUnit> <Opcode : 'dadd' 'dsub'> <InPorts = 2> <OutPorts = 1>
ST_9 : Operation 70 [6/6] (8.39ns)   --->   "%tmp_s = fadd double %tmp_16, -1.000000e+00" [neural_net_HLS/solution1/kernel.cpp:11]   --->   Operation 70 'dadd' 'tmp_s' <Predicate = (and_ln10_3 & !and_ln6)> <Delay = 8.39> <Core = "DAddSub">   --->   Core 115 'DAddSub' <Latency = 5> <II = 1> <Delay = 8.39> <FuncUnit> <Opcode : 'dadd' 'dsub'> <InPorts = 2> <OutPorts = 1>

State 10 <SV = 9> <Delay = 8.39>
ST_10 : Operation 71 [5/6] (8.39ns)   --->   "%tmp_17 = fadd double %tmp_16, 1.000000e+00" [neural_net_HLS/solution1/kernel.cpp:9]   --->   Operation 71 'dadd' 'tmp_17' <Predicate = (!and_ln10_3 & !and_ln6)> <Delay = 8.39> <Core = "DAddSub">   --->   Core 115 'DAddSub' <Latency = 5> <II = 1> <Delay = 8.39> <FuncUnit> <Opcode : 'dadd' 'dsub'> <InPorts = 2> <OutPorts = 1>
ST_10 : Operation 72 [5/6] (8.39ns)   --->   "%tmp_s = fadd double %tmp_16, -1.000000e+00" [neural_net_HLS/solution1/kernel.cpp:11]   --->   Operation 72 'dadd' 'tmp_s' <Predicate = (and_ln10_3 & !and_ln6)> <Delay = 8.39> <Core = "DAddSub">   --->   Core 115 'DAddSub' <Latency = 5> <II = 1> <Delay = 8.39> <FuncUnit> <Opcode : 'dadd' 'dsub'> <InPorts = 2> <OutPorts = 1>

State 11 <SV = 10> <Delay = 8.39>
ST_11 : Operation 73 [4/6] (8.39ns)   --->   "%tmp_17 = fadd double %tmp_16, 1.000000e+00" [neural_net_HLS/solution1/kernel.cpp:9]   --->   Operation 73 'dadd' 'tmp_17' <Predicate = (!and_ln10_3 & !and_ln6)> <Delay = 8.39> <Core = "DAddSub">   --->   Core 115 'DAddSub' <Latency = 5> <II = 1> <Delay = 8.39> <FuncUnit> <Opcode : 'dadd' 'dsub'> <InPorts = 2> <OutPorts = 1>
ST_11 : Operation 74 [4/6] (8.39ns)   --->   "%tmp_s = fadd double %tmp_16, -1.000000e+00" [neural_net_HLS/solution1/kernel.cpp:11]   --->   Operation 74 'dadd' 'tmp_s' <Predicate = (and_ln10_3 & !and_ln6)> <Delay = 8.39> <Core = "DAddSub">   --->   Core 115 'DAddSub' <Latency = 5> <II = 1> <Delay = 8.39> <FuncUnit> <Opcode : 'dadd' 'dsub'> <InPorts = 2> <OutPorts = 1>

State 12 <SV = 11> <Delay = 8.39>
ST_12 : Operation 75 [3/6] (8.39ns)   --->   "%tmp_17 = fadd double %tmp_16, 1.000000e+00" [neural_net_HLS/solution1/kernel.cpp:9]   --->   Operation 75 'dadd' 'tmp_17' <Predicate = (!and_ln10_3 & !and_ln6)> <Delay = 8.39> <Core = "DAddSub">   --->   Core 115 'DAddSub' <Latency = 5> <II = 1> <Delay = 8.39> <FuncUnit> <Opcode : 'dadd' 'dsub'> <InPorts = 2> <OutPorts = 1>
ST_12 : Operation 76 [3/6] (8.39ns)   --->   "%tmp_s = fadd double %tmp_16, -1.000000e+00" [neural_net_HLS/solution1/kernel.cpp:11]   --->   Operation 76 'dadd' 'tmp_s' <Predicate = (and_ln10_3 & !and_ln6)> <Delay = 8.39> <Core = "DAddSub">   --->   Core 115 'DAddSub' <Latency = 5> <II = 1> <Delay = 8.39> <FuncUnit> <Opcode : 'dadd' 'dsub'> <InPorts = 2> <OutPorts = 1>

State 13 <SV = 12> <Delay = 8.39>
ST_13 : Operation 77 [2/6] (8.39ns)   --->   "%tmp_17 = fadd double %tmp_16, 1.000000e+00" [neural_net_HLS/solution1/kernel.cpp:9]   --->   Operation 77 'dadd' 'tmp_17' <Predicate = (!and_ln10_3 & !and_ln6)> <Delay = 8.39> <Core = "DAddSub">   --->   Core 115 'DAddSub' <Latency = 5> <II = 1> <Delay = 8.39> <FuncUnit> <Opcode : 'dadd' 'dsub'> <InPorts = 2> <OutPorts = 1>
ST_13 : Operation 78 [2/6] (8.39ns)   --->   "%tmp_s = fadd double %tmp_16, -1.000000e+00" [neural_net_HLS/solution1/kernel.cpp:11]   --->   Operation 78 'dadd' 'tmp_s' <Predicate = (and_ln10_3 & !and_ln6)> <Delay = 8.39> <Core = "DAddSub">   --->   Core 115 'DAddSub' <Latency = 5> <II = 1> <Delay = 8.39> <FuncUnit> <Opcode : 'dadd' 'dsub'> <InPorts = 2> <OutPorts = 1>

State 14 <SV = 13> <Delay = 8.39>
ST_14 : Operation 79 [1/6] (8.39ns)   --->   "%tmp_17 = fadd double %tmp_16, 1.000000e+00" [neural_net_HLS/solution1/kernel.cpp:9]   --->   Operation 79 'dadd' 'tmp_17' <Predicate = (!and_ln10_3 & !and_ln6)> <Delay = 8.39> <Core = "DAddSub">   --->   Core 115 'DAddSub' <Latency = 5> <II = 1> <Delay = 8.39> <FuncUnit> <Opcode : 'dadd' 'dsub'> <InPorts = 2> <OutPorts = 1>
ST_14 : Operation 80 [1/6] (8.39ns)   --->   "%tmp_s = fadd double %tmp_16, -1.000000e+00" [neural_net_HLS/solution1/kernel.cpp:11]   --->   Operation 80 'dadd' 'tmp_s' <Predicate = (and_ln10_3 & !and_ln6)> <Delay = 8.39> <Core = "DAddSub">   --->   Core 115 'DAddSub' <Latency = 5> <II = 1> <Delay = 8.39> <FuncUnit> <Opcode : 'dadd' 'dsub'> <InPorts = 2> <OutPorts = 1>

State 15 <SV = 14> <Delay = 7.79>
ST_15 : Operation 81 [6/6] (7.79ns)   --->   "%tmp_18 = fmul double %tmp_17, 5.000000e-01" [neural_net_HLS/solution1/kernel.cpp:9]   --->   Operation 81 'dmul' 'tmp_18' <Predicate = (!and_ln10_3 & !and_ln6)> <Delay = 7.79> <Core = "DMul">   --->   Core 116 'DMul' <Latency = 5> <II = 1> <Delay = 7.79> <FuncUnit> <Opcode : 'dmul'> <InPorts = 2> <OutPorts = 1>
ST_15 : Operation 82 [6/6] (7.79ns)   --->   "%tmp_20 = fmul double %tmp_s, 5.000000e-01" [neural_net_HLS/solution1/kernel.cpp:11]   --->   Operation 82 'dmul' 'tmp_20' <Predicate = (and_ln10_3 & !and_ln6)> <Delay = 7.79> <Core = "DMul">   --->   Core 116 'DMul' <Latency = 5> <II = 1> <Delay = 7.79> <FuncUnit> <Opcode : 'dmul'> <InPorts = 2> <OutPorts = 1>

State 16 <SV = 15> <Delay = 7.79>
ST_16 : Operation 83 [5/6] (7.79ns)   --->   "%tmp_18 = fmul double %tmp_17, 5.000000e-01" [neural_net_HLS/solution1/kernel.cpp:9]   --->   Operation 83 'dmul' 'tmp_18' <Predicate = (!and_ln10_3 & !and_ln6)> <Delay = 7.79> <Core = "DMul">   --->   Core 116 'DMul' <Latency = 5> <II = 1> <Delay = 7.79> <FuncUnit> <Opcode : 'dmul'> <InPorts = 2> <OutPorts = 1>
ST_16 : Operation 84 [5/6] (7.79ns)   --->   "%tmp_20 = fmul double %tmp_s, 5.000000e-01" [neural_net_HLS/solution1/kernel.cpp:11]   --->   Operation 84 'dmul' 'tmp_20' <Predicate = (and_ln10_3 & !and_ln6)> <Delay = 7.79> <Core = "DMul">   --->   Core 116 'DMul' <Latency = 5> <II = 1> <Delay = 7.79> <FuncUnit> <Opcode : 'dmul'> <InPorts = 2> <OutPorts = 1>

State 17 <SV = 16> <Delay = 7.79>
ST_17 : Operation 85 [4/6] (7.79ns)   --->   "%tmp_18 = fmul double %tmp_17, 5.000000e-01" [neural_net_HLS/solution1/kernel.cpp:9]   --->   Operation 85 'dmul' 'tmp_18' <Predicate = (!and_ln10_3 & !and_ln6)> <Delay = 7.79> <Core = "DMul">   --->   Core 116 'DMul' <Latency = 5> <II = 1> <Delay = 7.79> <FuncUnit> <Opcode : 'dmul'> <InPorts = 2> <OutPorts = 1>
ST_17 : Operation 86 [4/6] (7.79ns)   --->   "%tmp_20 = fmul double %tmp_s, 5.000000e-01" [neural_net_HLS/solution1/kernel.cpp:11]   --->   Operation 86 'dmul' 'tmp_20' <Predicate = (and_ln10_3 & !and_ln6)> <Delay = 7.79> <Core = "DMul">   --->   Core 116 'DMul' <Latency = 5> <II = 1> <Delay = 7.79> <FuncUnit> <Opcode : 'dmul'> <InPorts = 2> <OutPorts = 1>

State 18 <SV = 17> <Delay = 7.79>
ST_18 : Operation 87 [3/6] (7.79ns)   --->   "%tmp_18 = fmul double %tmp_17, 5.000000e-01" [neural_net_HLS/solution1/kernel.cpp:9]   --->   Operation 87 'dmul' 'tmp_18' <Predicate = (!and_ln10_3 & !and_ln6)> <Delay = 7.79> <Core = "DMul">   --->   Core 116 'DMul' <Latency = 5> <II = 1> <Delay = 7.79> <FuncUnit> <Opcode : 'dmul'> <InPorts = 2> <OutPorts = 1>
ST_18 : Operation 88 [3/6] (7.79ns)   --->   "%tmp_20 = fmul double %tmp_s, 5.000000e-01" [neural_net_HLS/solution1/kernel.cpp:11]   --->   Operation 88 'dmul' 'tmp_20' <Predicate = (and_ln10_3 & !and_ln6)> <Delay = 7.79> <Core = "DMul">   --->   Core 116 'DMul' <Latency = 5> <II = 1> <Delay = 7.79> <FuncUnit> <Opcode : 'dmul'> <InPorts = 2> <OutPorts = 1>

State 19 <SV = 18> <Delay = 7.79>
ST_19 : Operation 89 [2/6] (7.79ns)   --->   "%tmp_18 = fmul double %tmp_17, 5.000000e-01" [neural_net_HLS/solution1/kernel.cpp:9]   --->   Operation 89 'dmul' 'tmp_18' <Predicate = (!and_ln10_3 & !and_ln6)> <Delay = 7.79> <Core = "DMul">   --->   Core 116 'DMul' <Latency = 5> <II = 1> <Delay = 7.79> <FuncUnit> <Opcode : 'dmul'> <InPorts = 2> <OutPorts = 1>
ST_19 : Operation 90 [2/6] (7.79ns)   --->   "%tmp_20 = fmul double %tmp_s, 5.000000e-01" [neural_net_HLS/solution1/kernel.cpp:11]   --->   Operation 90 'dmul' 'tmp_20' <Predicate = (and_ln10_3 & !and_ln6)> <Delay = 7.79> <Core = "DMul">   --->   Core 116 'DMul' <Latency = 5> <II = 1> <Delay = 7.79> <FuncUnit> <Opcode : 'dmul'> <InPorts = 2> <OutPorts = 1>

State 20 <SV = 19> <Delay = 7.79>
ST_20 : Operation 91 [1/6] (7.79ns)   --->   "%tmp_18 = fmul double %tmp_17, 5.000000e-01" [neural_net_HLS/solution1/kernel.cpp:9]   --->   Operation 91 'dmul' 'tmp_18' <Predicate = (!and_ln10_3 & !and_ln6)> <Delay = 7.79> <Core = "DMul">   --->   Core 116 'DMul' <Latency = 5> <II = 1> <Delay = 7.79> <FuncUnit> <Opcode : 'dmul'> <InPorts = 2> <OutPorts = 1>
ST_20 : Operation 92 [1/6] (7.79ns)   --->   "%tmp_20 = fmul double %tmp_s, 5.000000e-01" [neural_net_HLS/solution1/kernel.cpp:11]   --->   Operation 92 'dmul' 'tmp_20' <Predicate = (and_ln10_3 & !and_ln6)> <Delay = 7.79> <Core = "DMul">   --->   Core 116 'DMul' <Latency = 5> <II = 1> <Delay = 7.79> <FuncUnit> <Opcode : 'dmul'> <InPorts = 2> <OutPorts = 1>

State 21 <SV = 20> <Delay = 7.79>
ST_21 : Operation 93 [6/6] (7.79ns)   --->   "%tmp_19 = fmul double %tmp_18, %tmp_17" [neural_net_HLS/solution1/kernel.cpp:9]   --->   Operation 93 'dmul' 'tmp_19' <Predicate = (!and_ln10_3 & !and_ln6)> <Delay = 7.79> <Core = "DMul">   --->   Core 116 'DMul' <Latency = 5> <II = 1> <Delay = 7.79> <FuncUnit> <Opcode : 'dmul'> <InPorts = 2> <OutPorts = 1>
ST_21 : Operation 94 [6/6] (7.79ns)   --->   "%tmp_22 = fmul double %tmp_20, %tmp_s" [neural_net_HLS/solution1/kernel.cpp:11]   --->   Operation 94 'dmul' 'tmp_22' <Predicate = (and_ln10_3 & !and_ln6)> <Delay = 7.79> <Core = "DMul">   --->   Core 116 'DMul' <Latency = 5> <II = 1> <Delay = 7.79> <FuncUnit> <Opcode : 'dmul'> <InPorts = 2> <OutPorts = 1>

State 22 <SV = 21> <Delay = 7.79>
ST_22 : Operation 95 [5/6] (7.79ns)   --->   "%tmp_19 = fmul double %tmp_18, %tmp_17" [neural_net_HLS/solution1/kernel.cpp:9]   --->   Operation 95 'dmul' 'tmp_19' <Predicate = (!and_ln10_3 & !and_ln6)> <Delay = 7.79> <Core = "DMul">   --->   Core 116 'DMul' <Latency = 5> <II = 1> <Delay = 7.79> <FuncUnit> <Opcode : 'dmul'> <InPorts = 2> <OutPorts = 1>
ST_22 : Operation 96 [5/6] (7.79ns)   --->   "%tmp_22 = fmul double %tmp_20, %tmp_s" [neural_net_HLS/solution1/kernel.cpp:11]   --->   Operation 96 'dmul' 'tmp_22' <Predicate = (and_ln10_3 & !and_ln6)> <Delay = 7.79> <Core = "DMul">   --->   Core 116 'DMul' <Latency = 5> <II = 1> <Delay = 7.79> <FuncUnit> <Opcode : 'dmul'> <InPorts = 2> <OutPorts = 1>

State 23 <SV = 22> <Delay = 7.79>
ST_23 : Operation 97 [4/6] (7.79ns)   --->   "%tmp_19 = fmul double %tmp_18, %tmp_17" [neural_net_HLS/solution1/kernel.cpp:9]   --->   Operation 97 'dmul' 'tmp_19' <Predicate = (!and_ln10_3 & !and_ln6)> <Delay = 7.79> <Core = "DMul">   --->   Core 116 'DMul' <Latency = 5> <II = 1> <Delay = 7.79> <FuncUnit> <Opcode : 'dmul'> <InPorts = 2> <OutPorts = 1>
ST_23 : Operation 98 [4/6] (7.79ns)   --->   "%tmp_22 = fmul double %tmp_20, %tmp_s" [neural_net_HLS/solution1/kernel.cpp:11]   --->   Operation 98 'dmul' 'tmp_22' <Predicate = (and_ln10_3 & !and_ln6)> <Delay = 7.79> <Core = "DMul">   --->   Core 116 'DMul' <Latency = 5> <II = 1> <Delay = 7.79> <FuncUnit> <Opcode : 'dmul'> <InPorts = 2> <OutPorts = 1>

State 24 <SV = 23> <Delay = 7.79>
ST_24 : Operation 99 [3/6] (7.79ns)   --->   "%tmp_19 = fmul double %tmp_18, %tmp_17" [neural_net_HLS/solution1/kernel.cpp:9]   --->   Operation 99 'dmul' 'tmp_19' <Predicate = (!and_ln10_3 & !and_ln6)> <Delay = 7.79> <Core = "DMul">   --->   Core 116 'DMul' <Latency = 5> <II = 1> <Delay = 7.79> <FuncUnit> <Opcode : 'dmul'> <InPorts = 2> <OutPorts = 1>
ST_24 : Operation 100 [3/6] (7.79ns)   --->   "%tmp_22 = fmul double %tmp_20, %tmp_s" [neural_net_HLS/solution1/kernel.cpp:11]   --->   Operation 100 'dmul' 'tmp_22' <Predicate = (and_ln10_3 & !and_ln6)> <Delay = 7.79> <Core = "DMul">   --->   Core 116 'DMul' <Latency = 5> <II = 1> <Delay = 7.79> <FuncUnit> <Opcode : 'dmul'> <InPorts = 2> <OutPorts = 1>

State 25 <SV = 24> <Delay = 7.79>
ST_25 : Operation 101 [2/6] (7.79ns)   --->   "%tmp_19 = fmul double %tmp_18, %tmp_17" [neural_net_HLS/solution1/kernel.cpp:9]   --->   Operation 101 'dmul' 'tmp_19' <Predicate = (!and_ln10_3 & !and_ln6)> <Delay = 7.79> <Core = "DMul">   --->   Core 116 'DMul' <Latency = 5> <II = 1> <Delay = 7.79> <FuncUnit> <Opcode : 'dmul'> <InPorts = 2> <OutPorts = 1>
ST_25 : Operation 102 [2/6] (7.79ns)   --->   "%tmp_22 = fmul double %tmp_20, %tmp_s" [neural_net_HLS/solution1/kernel.cpp:11]   --->   Operation 102 'dmul' 'tmp_22' <Predicate = (and_ln10_3 & !and_ln6)> <Delay = 7.79> <Core = "DMul">   --->   Core 116 'DMul' <Latency = 5> <II = 1> <Delay = 7.79> <FuncUnit> <Opcode : 'dmul'> <InPorts = 2> <OutPorts = 1>

State 26 <SV = 25> <Delay = 7.79>
ST_26 : Operation 103 [1/6] (7.79ns)   --->   "%tmp_19 = fmul double %tmp_18, %tmp_17" [neural_net_HLS/solution1/kernel.cpp:9]   --->   Operation 103 'dmul' 'tmp_19' <Predicate = (!and_ln10_3 & !and_ln6)> <Delay = 7.79> <Core = "DMul">   --->   Core 116 'DMul' <Latency = 5> <II = 1> <Delay = 7.79> <FuncUnit> <Opcode : 'dmul'> <InPorts = 2> <OutPorts = 1>
ST_26 : Operation 104 [1/6] (7.79ns)   --->   "%tmp_22 = fmul double %tmp_20, %tmp_s" [neural_net_HLS/solution1/kernel.cpp:11]   --->   Operation 104 'dmul' 'tmp_22' <Predicate = (and_ln10_3 & !and_ln6)> <Delay = 7.79> <Core = "DMul">   --->   Core 116 'DMul' <Latency = 5> <II = 1> <Delay = 7.79> <FuncUnit> <Opcode : 'dmul'> <InPorts = 2> <OutPorts = 1>

State 27 <SV = 26> <Delay = 8.39>
ST_27 : Operation 105 [2/2] (5.16ns)   --->   "%vec_assign = fptrunc double %tmp_19 to float" [neural_net_HLS/solution1/kernel.cpp:9]   --->   Operation 105 'fptrunc' 'vec_assign' <Predicate = (!and_ln10_3 & !and_ln6)> <Delay = 5.16> <Core = "Double2Float">   --->   Core 123 'Double2Float' <Latency = 1> <II = 1> <Delay = 5.16> <FuncUnit> <Opcode : 'fptrunc'> <InPorts = 1> <OutPorts = 1>
ST_27 : Operation 106 [6/6] (8.39ns)   --->   "%tmp_23 = fsub double 1.000000e+00, %tmp_22" [neural_net_HLS/solution1/kernel.cpp:11]   --->   Operation 106 'dsub' 'tmp_23' <Predicate = (and_ln10_3 & !and_ln6)> <Delay = 8.39> <Core = "DAddSub">   --->   Core 115 'DAddSub' <Latency = 5> <II = 1> <Delay = 8.39> <FuncUnit> <Opcode : 'dadd' 'dsub'> <InPorts = 2> <OutPorts = 1>

State 28 <SV = 27> <Delay = 8.39>
ST_28 : Operation 107 [1/2] (5.16ns)   --->   "%vec_assign = fptrunc double %tmp_19 to float" [neural_net_HLS/solution1/kernel.cpp:9]   --->   Operation 107 'fptrunc' 'vec_assign' <Predicate = (!and_ln10_3 & !and_ln6)> <Delay = 5.16> <Core = "Double2Float">   --->   Core 123 'Double2Float' <Latency = 1> <II = 1> <Delay = 5.16> <FuncUnit> <Opcode : 'fptrunc'> <InPorts = 1> <OutPorts = 1>
ST_28 : Operation 108 [5/6] (8.39ns)   --->   "%tmp_23 = fsub double 1.000000e+00, %tmp_22" [neural_net_HLS/solution1/kernel.cpp:11]   --->   Operation 108 'dsub' 'tmp_23' <Predicate = (and_ln10_3 & !and_ln6)> <Delay = 8.39> <Core = "DAddSub">   --->   Core 115 'DAddSub' <Latency = 5> <II = 1> <Delay = 8.39> <FuncUnit> <Opcode : 'dadd' 'dsub'> <InPorts = 2> <OutPorts = 1>

State 29 <SV = 28> <Delay = 8.39>
ST_29 : Operation 109 [4/6] (8.39ns)   --->   "%tmp_23 = fsub double 1.000000e+00, %tmp_22" [neural_net_HLS/solution1/kernel.cpp:11]   --->   Operation 109 'dsub' 'tmp_23' <Predicate = (and_ln10_3 & !and_ln6)> <Delay = 8.39> <Core = "DAddSub">   --->   Core 115 'DAddSub' <Latency = 5> <II = 1> <Delay = 8.39> <FuncUnit> <Opcode : 'dadd' 'dsub'> <InPorts = 2> <OutPorts = 1>

State 30 <SV = 29> <Delay = 8.39>
ST_30 : Operation 110 [3/6] (8.39ns)   --->   "%tmp_23 = fsub double 1.000000e+00, %tmp_22" [neural_net_HLS/solution1/kernel.cpp:11]   --->   Operation 110 'dsub' 'tmp_23' <Predicate = (and_ln10_3 & !and_ln6)> <Delay = 8.39> <Core = "DAddSub">   --->   Core 115 'DAddSub' <Latency = 5> <II = 1> <Delay = 8.39> <FuncUnit> <Opcode : 'dadd' 'dsub'> <InPorts = 2> <OutPorts = 1>

State 31 <SV = 30> <Delay = 8.39>
ST_31 : Operation 111 [2/6] (8.39ns)   --->   "%tmp_23 = fsub double 1.000000e+00, %tmp_22" [neural_net_HLS/solution1/kernel.cpp:11]   --->   Operation 111 'dsub' 'tmp_23' <Predicate = (and_ln10_3 & !and_ln6)> <Delay = 8.39> <Core = "DAddSub">   --->   Core 115 'DAddSub' <Latency = 5> <II = 1> <Delay = 8.39> <FuncUnit> <Opcode : 'dadd' 'dsub'> <InPorts = 2> <OutPorts = 1>

State 32 <SV = 31> <Delay = 8.39>
ST_32 : Operation 112 [1/6] (8.39ns)   --->   "%tmp_23 = fsub double 1.000000e+00, %tmp_22" [neural_net_HLS/solution1/kernel.cpp:11]   --->   Operation 112 'dsub' 'tmp_23' <Predicate = (and_ln10_3 & !and_ln6)> <Delay = 8.39> <Core = "DAddSub">   --->   Core 115 'DAddSub' <Latency = 5> <II = 1> <Delay = 8.39> <FuncUnit> <Opcode : 'dadd' 'dsub'> <InPorts = 2> <OutPorts = 1>

State 33 <SV = 32> <Delay = 5.16>
ST_33 : Operation 113 [2/2] (5.16ns)   --->   "%vec_assign_1 = fptrunc double %tmp_23 to float" [neural_net_HLS/solution1/kernel.cpp:11]   --->   Operation 113 'fptrunc' 'vec_assign_1' <Predicate = (and_ln10_3 & !and_ln6)> <Delay = 5.16> <Core = "Double2Float">   --->   Core 123 'Double2Float' <Latency = 1> <II = 1> <Delay = 5.16> <FuncUnit> <Opcode : 'fptrunc'> <InPorts = 1> <OutPorts = 1>

State 34 <SV = 33> <Delay = 6.14>
ST_34 : Operation 114 [1/2] (5.16ns)   --->   "%vec_assign_1 = fptrunc double %tmp_23 to float" [neural_net_HLS/solution1/kernel.cpp:11]   --->   Operation 114 'fptrunc' 'vec_assign_1' <Predicate = (and_ln10_3 & !and_ln6)> <Delay = 5.16> <Core = "Double2Float">   --->   Core 123 'Double2Float' <Latency = 1> <II = 1> <Delay = 5.16> <FuncUnit> <Opcode : 'fptrunc'> <InPorts = 1> <OutPorts = 1>
ST_34 : Operation 115 [1/1] (0.00ns) (grouped into LUT with out node select_ln6)   --->   "%and_ln8_2 = and i1 %and_ln8_1, %xor_ln6" [neural_net_HLS/solution1/kernel.cpp:8]   --->   Operation 115 'and' 'and_ln8_2' <Predicate = (!and_ln10_3 & !and_ln6)> <Delay = 0.00> <Core = "LogicGate">   --->   Core 27 'LogicGate' <Latency = 0> <II = 1> <Delay = 0.97> <FuncUnit> <Opcode : 'and' 'or' 'xor'> <InPorts = 2> <OutPorts = 1>
ST_34 : Operation 116 [1/1] (0.00ns) (grouped into LUT with out node select_ln6)   --->   "%select_ln8 = select i1 %and_ln8_2, float %vec_assign, float 1.000000e+00" [neural_net_HLS/solution1/kernel.cpp:8]   --->   Operation 116 'select' 'select_ln8' <Predicate = (!and_ln10_3 & !and_ln6)> <Delay = 0.00> <Core = "Sel">   --->   Core 26 'Sel' <Latency = 0> <II = 1> <Delay = 0.79> <FuncUnit> <Opcode : 'select'> <InPorts = 3> <OutPorts = 1>
ST_34 : Operation 117 [1/1] (0.00ns) (grouped into LUT with out node select_ln6)   --->   "%select_ln10 = select i1 %and_ln10_3, float %vec_assign_1, float %select_ln8" [neural_net_HLS/solution1/kernel.cpp:10]   --->   Operation 117 'select' 'select_ln10' <Predicate = (!and_ln6)> <Delay = 0.00> <Core = "Sel">   --->   Core 26 'Sel' <Latency = 0> <II = 1> <Delay = 0.79> <FuncUnit> <Opcode : 'select'> <InPorts = 3> <OutPorts = 1>
ST_34 : Operation 118 [1/1] (0.97ns) (out node of the LUT)   --->   "%select_ln6 = select i1 %and_ln6, float 0.000000e+00, float %select_ln10" [neural_net_HLS/solution1/kernel.cpp:6]   --->   Operation 118 'select' 'select_ln6' <Predicate = true> <Delay = 0.97> <Core = "Sel">   --->   Core 26 'Sel' <Latency = 0> <II = 1> <Delay = 0.79> <FuncUnit> <Opcode : 'select'> <InPorts = 3> <OutPorts = 1>
ST_34 : Operation 119 [1/1] (0.00ns)   --->   "ret float %select_ln6" [neural_net_HLS/solution1/kernel.cpp:14]   --->   Operation 119 'ret' <Predicate = true> <Delay = 0.00>


============================================================
+ Verbose Summary: Timing violations
============================================================
Target clock period: 10ns, clock uncertainty: 1.25ns.

 <State 1>: 5.09ns
The critical path consists of the following:
	wire read on port 'vec' (neural_net_HLS/solution1/kernel.cpp:5) [2]  (0 ns)
	'fcmp' operation ('tmp_21', neural_net_HLS/solution1/kernel.cpp:6) [9]  (5.09 ns)

 <State 2>: 6.07ns
The critical path consists of the following:
	'fcmp' operation ('tmp_21', neural_net_HLS/solution1/kernel.cpp:6) [9]  (5.09 ns)
	'and' operation ('and_ln6', neural_net_HLS/solution1/kernel.cpp:6) [10]  (0.978 ns)

 <State 3>: 7.79ns
The critical path consists of the following:
	'dmul' operation ('tmp_16', neural_net_HLS/solution1/kernel.cpp:9) [21]  (7.79 ns)

 <State 4>: 7.79ns
The critical path consists of the following:
	'dmul' operation ('tmp_16', neural_net_HLS/solution1/kernel.cpp:9) [21]  (7.79 ns)

 <State 5>: 7.79ns
The critical path consists of the following:
	'dmul' operation ('tmp_16', neural_net_HLS/solution1/kernel.cpp:9) [21]  (7.79 ns)

 <State 6>: 7.79ns
The critical path consists of the following:
	'dmul' operation ('tmp_16', neural_net_HLS/solution1/kernel.cpp:9) [21]  (7.79 ns)

 <State 7>: 7.79ns
The critical path consists of the following:
	'dmul' operation ('tmp_16', neural_net_HLS/solution1/kernel.cpp:9) [21]  (7.79 ns)

 <State 8>: 7.79ns
The critical path consists of the following:
	'dmul' operation ('tmp_16', neural_net_HLS/solution1/kernel.cpp:9) [21]  (7.79 ns)

 <State 9>: 8.39ns
The critical path consists of the following:
	'dadd' operation ('tmp_17', neural_net_HLS/solution1/kernel.cpp:9) [22]  (8.39 ns)

 <State 10>: 8.39ns
The critical path consists of the following:
	'dadd' operation ('tmp_17', neural_net_HLS/solution1/kernel.cpp:9) [22]  (8.39 ns)

 <State 11>: 8.39ns
The critical path consists of the following:
	'dadd' operation ('tmp_17', neural_net_HLS/solution1/kernel.cpp:9) [22]  (8.39 ns)

 <State 12>: 8.39ns
The critical path consists of the following:
	'dadd' operation ('tmp_17', neural_net_HLS/solution1/kernel.cpp:9) [22]  (8.39 ns)

 <State 13>: 8.39ns
The critical path consists of the following:
	'dadd' operation ('tmp_17', neural_net_HLS/solution1/kernel.cpp:9) [22]  (8.39 ns)

 <State 14>: 8.39ns
The critical path consists of the following:
	'dadd' operation ('tmp_17', neural_net_HLS/solution1/kernel.cpp:9) [22]  (8.39 ns)

 <State 15>: 7.79ns
The critical path consists of the following:
	'dmul' operation ('tmp_18', neural_net_HLS/solution1/kernel.cpp:9) [23]  (7.79 ns)

 <State 16>: 7.79ns
The critical path consists of the following:
	'dmul' operation ('tmp_18', neural_net_HLS/solution1/kernel.cpp:9) [23]  (7.79 ns)

 <State 17>: 7.79ns
The critical path consists of the following:
	'dmul' operation ('tmp_18', neural_net_HLS/solution1/kernel.cpp:9) [23]  (7.79 ns)

 <State 18>: 7.79ns
The critical path consists of the following:
	'dmul' operation ('tmp_18', neural_net_HLS/solution1/kernel.cpp:9) [23]  (7.79 ns)

 <State 19>: 7.79ns
The critical path consists of the following:
	'dmul' operation ('tmp_18', neural_net_HLS/solution1/kernel.cpp:9) [23]  (7.79 ns)

 <State 20>: 7.79ns
The critical path consists of the following:
	'dmul' operation ('tmp_18', neural_net_HLS/solution1/kernel.cpp:9) [23]  (7.79 ns)

 <State 21>: 7.79ns
The critical path consists of the following:
	'dmul' operation ('tmp_19', neural_net_HLS/solution1/kernel.cpp:9) [24]  (7.79 ns)

 <State 22>: 7.79ns
The critical path consists of the following:
	'dmul' operation ('tmp_19', neural_net_HLS/solution1/kernel.cpp:9) [24]  (7.79 ns)

 <State 23>: 7.79ns
The critical path consists of the following:
	'dmul' operation ('tmp_19', neural_net_HLS/solution1/kernel.cpp:9) [24]  (7.79 ns)

 <State 24>: 7.79ns
The critical path consists of the following:
	'dmul' operation ('tmp_19', neural_net_HLS/solution1/kernel.cpp:9) [24]  (7.79 ns)

 <State 25>: 7.79ns
The critical path consists of the following:
	'dmul' operation ('tmp_19', neural_net_HLS/solution1/kernel.cpp:9) [24]  (7.79 ns)

 <State 26>: 7.79ns
The critical path consists of the following:
	'dmul' operation ('tmp_19', neural_net_HLS/solution1/kernel.cpp:9) [24]  (7.79 ns)

 <State 27>: 8.39ns
The critical path consists of the following:
	'dsub' operation ('tmp_23', neural_net_HLS/solution1/kernel.cpp:11) [29]  (8.39 ns)

 <State 28>: 8.39ns
The critical path consists of the following:
	'dsub' operation ('tmp_23', neural_net_HLS/solution1/kernel.cpp:11) [29]  (8.39 ns)

 <State 29>: 8.39ns
The critical path consists of the following:
	'dsub' operation ('tmp_23', neural_net_HLS/solution1/kernel.cpp:11) [29]  (8.39 ns)

 <State 30>: 8.39ns
The critical path consists of the following:
	'dsub' operation ('tmp_23', neural_net_HLS/solution1/kernel.cpp:11) [29]  (8.39 ns)

 <State 31>: 8.39ns
The critical path consists of the following:
	'dsub' operation ('tmp_23', neural_net_HLS/solution1/kernel.cpp:11) [29]  (8.39 ns)

 <State 32>: 8.39ns
The critical path consists of the following:
	'dsub' operation ('tmp_23', neural_net_HLS/solution1/kernel.cpp:11) [29]  (8.39 ns)

 <State 33>: 5.17ns
The critical path consists of the following:
	'fptrunc' operation ('vec', neural_net_HLS/solution1/kernel.cpp:11) [30]  (5.17 ns)

 <State 34>: 6.14ns
The critical path consists of the following:
	'fptrunc' operation ('vec', neural_net_HLS/solution1/kernel.cpp:11) [30]  (5.17 ns)
	'select' operation ('vec', neural_net_HLS/solution1/kernel.cpp:10) [36]  (0 ns)
	'select' operation ('vec', neural_net_HLS/solution1/kernel.cpp:6) [37]  (0.978 ns)


============================================================
+ Verbose Summary: Binding
============================================================
N/A
* FSMD analyzer results:
  - Output states:
 - Input state : 
  - Chain level:
	State 1
	State 2
	State 3
	State 4
	State 5
	State 6
	State 7
	State 8
	State 9
	State 10
	State 11
	State 12
	State 13
	State 14
	State 15
	State 16
	State 17
	State 18
	State 19
	State 20
	State 21
	State 22
	State 23
	State 24
	State 25
	State 26
	State 27
	State 28
	State 29
	State 30
	State 31
	State 32
	State 33
	State 34


============================================================
+ Verbose Summary: Datapath Resource usage 
============================================================
N/A
